Archive member included to satisfy reference by file (symbol)

c:/programmimiei/ac6/systemworkbench/plugins/fr.ac6.mcu.externaltools.arm-none.win32_1.16.0.201807130628/tools/compiler/bin/../lib/gcc/arm-none-eabi/7.2.1/../../../../arm-none-eabi/lib/thumb/v7e-m/fpv4-sp/hard\libc.a(lib_a-errno.o)
                              src/syscalls.o (__errno)
c:/programmimiei/ac6/systemworkbench/plugins/fr.ac6.mcu.externaltools.arm-none.win32_1.16.0.201807130628/tools/compiler/bin/../lib/gcc/arm-none-eabi/7.2.1/../../../../arm-none-eabi/lib/thumb/v7e-m/fpv4-sp/hard\libc.a(lib_a-exit.o)
                              c:/programmimiei/ac6/systemworkbench/plugins/fr.ac6.mcu.externaltools.arm-none.win32_1.16.0.201807130628/tools/compiler/bin/../lib/gcc/arm-none-eabi/7.2.1/../../../../arm-none-eabi/lib/thumb/v7e-m/fpv4-sp/hard/crt0.o (exit)
c:/programmimiei/ac6/systemworkbench/plugins/fr.ac6.mcu.externaltools.arm-none.win32_1.16.0.201807130628/tools/compiler/bin/../lib/gcc/arm-none-eabi/7.2.1/../../../../arm-none-eabi/lib/thumb/v7e-m/fpv4-sp/hard\libc.a(lib_a-impure.o)
                              c:/programmimiei/ac6/systemworkbench/plugins/fr.ac6.mcu.externaltools.arm-none.win32_1.16.0.201807130628/tools/compiler/bin/../lib/gcc/arm-none-eabi/7.2.1/../../../../arm-none-eabi/lib/thumb/v7e-m/fpv4-sp/hard\libc.a(lib_a-exit.o) (_global_impure_ptr)
c:/programmimiei/ac6/systemworkbench/plugins/fr.ac6.mcu.externaltools.arm-none.win32_1.16.0.201807130628/tools/compiler/bin/../lib/gcc/arm-none-eabi/7.2.1/../../../../arm-none-eabi/lib/thumb/v7e-m/fpv4-sp/hard\libc.a(lib_a-init.o)
                              c:/programmimiei/ac6/systemworkbench/plugins/fr.ac6.mcu.externaltools.arm-none.win32_1.16.0.201807130628/tools/compiler/bin/../lib/gcc/arm-none-eabi/7.2.1/../../../../arm-none-eabi/lib/thumb/v7e-m/fpv4-sp/hard/crt0.o (__libc_init_array)
c:/programmimiei/ac6/systemworkbench/plugins/fr.ac6.mcu.externaltools.arm-none.win32_1.16.0.201807130628/tools/compiler/bin/../lib/gcc/arm-none-eabi/7.2.1/../../../../arm-none-eabi/lib/thumb/v7e-m/fpv4-sp/hard\libc.a(lib_a-memset.o)
                              c:/programmimiei/ac6/systemworkbench/plugins/fr.ac6.mcu.externaltools.arm-none.win32_1.16.0.201807130628/tools/compiler/bin/../lib/gcc/arm-none-eabi/7.2.1/../../../../arm-none-eabi/lib/thumb/v7e-m/fpv4-sp/hard/crt0.o (memset)
c:/programmimiei/ac6/systemworkbench/plugins/fr.ac6.mcu.externaltools.arm-none.win32_1.16.0.201807130628/tools/compiler/bin/../lib/gcc/arm-none-eabi/7.2.1/../../../../arm-none-eabi/lib/thumb/v7e-m/fpv4-sp/hard\libc.a(lib_a-sprintf.o)
                              src/main.o (sprintf)
c:/programmimiei/ac6/systemworkbench/plugins/fr.ac6.mcu.externaltools.arm-none.win32_1.16.0.201807130628/tools/compiler/bin/../lib/gcc/arm-none-eabi/7.2.1/../../../../arm-none-eabi/lib/thumb/v7e-m/fpv4-sp/hard\libc.a(lib_a-svfprintf.o)
                              c:/programmimiei/ac6/systemworkbench/plugins/fr.ac6.mcu.externaltools.arm-none.win32_1.16.0.201807130628/tools/compiler/bin/../lib/gcc/arm-none-eabi/7.2.1/../../../../arm-none-eabi/lib/thumb/v7e-m/fpv4-sp/hard\libc.a(lib_a-sprintf.o) (_svfprintf_r)
c:/programmimiei/ac6/systemworkbench/plugins/fr.ac6.mcu.externaltools.arm-none.win32_1.16.0.201807130628/tools/compiler/bin/../lib/gcc/arm-none-eabi/7.2.1/../../../../arm-none-eabi/lib/thumb/v7e-m/fpv4-sp/hard\libc.a(lib_a-__call_atexit.o)
                              c:/programmimiei/ac6/systemworkbench/plugins/fr.ac6.mcu.externaltools.arm-none.win32_1.16.0.201807130628/tools/compiler/bin/../lib/gcc/arm-none-eabi/7.2.1/../../../../arm-none-eabi/lib/thumb/v7e-m/fpv4-sp/hard\libc.a(lib_a-exit.o) (__call_exitprocs)
c:/programmimiei/ac6/systemworkbench/plugins/fr.ac6.mcu.externaltools.arm-none.win32_1.16.0.201807130628/tools/compiler/bin/../lib/gcc/arm-none-eabi/7.2.1/../../../../arm-none-eabi/lib/thumb/v7e-m/fpv4-sp/hard\libc.a(lib_a-atexit.o)
                              c:/programmimiei/ac6/systemworkbench/plugins/fr.ac6.mcu.externaltools.arm-none.win32_1.16.0.201807130628/tools/compiler/bin/../lib/gcc/arm-none-eabi/7.2.1/../../../../arm-none-eabi/lib/thumb/v7e-m/fpv4-sp/hard\libc.a(lib_a-__call_atexit.o) (atexit)
c:/programmimiei/ac6/systemworkbench/plugins/fr.ac6.mcu.externaltools.arm-none.win32_1.16.0.201807130628/tools/compiler/bin/../lib/gcc/arm-none-eabi/7.2.1/../../../../arm-none-eabi/lib/thumb/v7e-m/fpv4-sp/hard\libc.a(lib_a-dtoa.o)
                              c:/programmimiei/ac6/systemworkbench/plugins/fr.ac6.mcu.externaltools.arm-none.win32_1.16.0.201807130628/tools/compiler/bin/../lib/gcc/arm-none-eabi/7.2.1/../../../../arm-none-eabi/lib/thumb/v7e-m/fpv4-sp/hard\libc.a(lib_a-svfprintf.o) (_dtoa_r)
c:/programmimiei/ac6/systemworkbench/plugins/fr.ac6.mcu.externaltools.arm-none.win32_1.16.0.201807130628/tools/compiler/bin/../lib/gcc/arm-none-eabi/7.2.1/../../../../arm-none-eabi/lib/thumb/v7e-m/fpv4-sp/hard\libc.a(lib_a-fini.o)
[...]
Memory Configuration

Name             Origin             Length             Attributes
FLASH            0x08000000         0x00040000         xr
RAM              0x20000000         0x00010000         xrw
MEMORY_B1        0x60000000         0x00000000         xr
CCMRAM           0x10000000         0x00000000         rw
*default*        0x00000000         0xffffffff

Linker script and memory map

LOAD c:/programmimiei/ac6/systemworkbench/plugins/fr.ac6.mcu.externaltools.arm-none.win32_1.16.0.201807130628/tools/compiler/bin/../lib/gcc/arm-none-eabi/7.2.1/thumb/v7e-m/fpv4-sp/hard/crti.o
LOAD c:/programmimiei/ac6/systemworkbench/plugins/fr.ac6.mcu.externaltools.arm-none.win32_1.16.0.201807130628/tools/compiler/bin/../lib/gcc/arm-none-eabi/7.2.1/thumb/v7e-m/fpv4-sp/hard/crtbegin.o
LOAD c:/programmimiei/ac6/systemworkbench/plugins/fr.ac6.mcu.externaltools.arm-none.win32_1.16.0.201807130628/tools/compiler/bin/../lib/gcc/arm-none-eabi/7.2.1/../../../../arm-none-eabi/lib/thumb/v7e-m/fpv4-sp/hard/crt0.o
LOAD StdPeriph_Driver/src/misc.o
LOAD StdPeriph_Driver/src/stm32f4xx_adc.o
LOAD StdPeriph_Driver/src/stm32f4xx_can.o
LOAD StdPeriph_Driver/src/stm32f4xx_crc.o
LOAD StdPeriph_Driver/src/stm32f4xx_cryp.o
LOAD StdPeriph_Driver/src/stm32f4xx_cryp_aes.o
LOAD StdPeriph_Driver/src/stm32f4xx_cryp_des.o
LOAD StdPeriph_Driver/src/stm32f4xx_cryp_tdes.o
LOAD StdPeriph_Driver/src/stm32f4xx_dac.o
LOAD StdPeriph_Driver/src/stm32f4xx_dbgmcu.o
LOAD StdPeriph_Driver/src/stm32f4xx_dcmi.o
LOAD StdPeriph_Driver/src/stm32f4xx_dma.o
LOAD StdPeriph_Driver/src/stm32f4xx_dma2d.o
LOAD StdPeriph_Driver/src/stm32f4xx_exti.o
LOAD StdPeriph_Driver/src/stm32f4xx_flash.o
LOAD StdPeriph_Driver/src/stm32f4xx_gpio.o
LOAD StdPeriph_Driver/src/stm32f4xx_hash.o
LOAD StdPeriph_Driver/src/stm32f4xx_hash_md5.o
LOAD StdPeriph_Driver/src/stm32f4xx_hash_sha1.o
LOAD StdPeriph_Driver/src/stm32f4xx_i2c.o
LOAD StdPeriph_Driver/src/stm32f4xx_iwdg.o
LOAD StdPeriph_Driver/src/stm32f4xx_ltdc.o
LOAD StdPeriph_Driver/src/stm32f4xx_pwr.o
LOAD StdPeriph_Driver/src/stm32f4xx_rcc.o
LOAD StdPeriph_Driver/src/stm32f4xx_rng.o
LOAD StdPeriph_Driver/src/stm32f4xx_rtc.o
LOAD StdPeriph_Driver/src/stm32f4xx_sai.o
LOAD StdPeriph_Driver/src/stm32f4xx_sdio.o
LOAD StdPeriph_Driver/src/stm32f4xx_spi.o
LOAD StdPeriph_Driver/src/stm32f4xx_syscfg.o
LOAD StdPeriph_Driver/src/stm32f4xx_tim.o
LOAD StdPeriph_Driver/src/stm32f4xx_usart.o
LOAD StdPeriph_Driver/src/stm32f4xx_wwdg.o
LOAD Utilities/STM32F401-Discovery/stm32f401_discovery.o
LOAD Utilities/STM32F401-Discovery/stm32f401_discovery_l3gd20.o
LOAD Utilities/STM32F401-Discovery/stm32f401_discovery_lsm303dlhc.o
LOAD src/main.o
LOAD src/syscalls.o
LOAD src/system_stm32f4xx.o
LOAD startup/startup_stm32f401xx.o
LOAD c:/programmimiei/ac6/systemworkbench/plugins/fr.ac6.mcu.externaltools.arm-none.win32_1.16.0.201807130628/tools/compiler/bin/../lib/gcc/arm-none-eabi/7.2.1/../../../../arm-none-eabi/lib/thumb/v7e-m/fpv4-sp/hard\libm.a
START GROUP
LOAD c:/programmimiei/ac6/systemworkbench/plugins/fr.ac6.mcu.externaltools.arm-none.win32_1.16.0.201807130628/tools/compiler/bin/../lib/gcc/arm-none-eabi/7.2.1/thumb/v7e-m/fpv4-sp/hard\libgcc.a
LOAD c:/programmimiei/ac6/systemworkbench/plugins/fr.ac6.mcu.externaltools.arm-none.win32_1.16.0.201807130628/tools/compiler/bin/../lib/gcc/arm-none-eabi/7.2.1/../../../../arm-none-eabi/lib/thumb/v7e-m/fpv4-sp/hard\libc.a
END GROUP
LOAD c:/programmimiei/ac6/systemworkbench/plugins/fr.ac6.mcu.externaltools.arm-none.win32_1.16.0.201807130628/tools/compiler/bin/../lib/gcc/arm-none-eabi/7.2.1/thumb/v7e-m/fpv4-sp/hard/crtend.o
LOAD c:/programmimiei/ac6/systemworkbench/plugins/fr.ac6.mcu.externaltools.arm-none.win32_1.16.0.201807130628/tools/compiler/bin/../lib/gcc/arm-none-eabi/7.2.1/thumb/v7e-m/fpv4-sp/hard/crtn.o
                0x20010000                _estack = 0x20010000
                0x00000000                _Min_Heap_Size = 0x0
                0x00000400                _Min_Stack_Size = 0x400

.isr_vector     0x08000000      0x188
                0x08000000                . = ALIGN (0x4)
 *(.isr_vector)
 .isr_vector    0x08000000      0x188 startup/startup_stm32f401xx.o
                0x08000000                g_pfnVectors
                0x08000188                . = ALIGN (0x4)

.text           0x080001c0     0x6280
                0x080001c0                . = ALIGN (0x4)
 *(.text)
 .text          0x080001c0       0x40 c:/programmimiei/ac6/systemworkbench/plugins/fr.ac6.mcu.externaltools.arm-none.win32_1.16.0.201807130628/tools/compiler/bin/../lib/gcc/arm-none-eabi/7.2.1/thumb/v7e-m/fpv4-sp/hard/crtbegin.o
 .text          0x08000200       0xa0 c:/programmimiei/ac6/systemworkbench/plugins/fr.ac6.mcu.externaltools.arm-none.win32_1.16.0.201807130628/tools/compiler/bin/../lib/gcc/arm-none-eabi/7.2.1/../../../../arm-none-eabi/lib/thumb/v7e-m/fpv4-sp/hard\libc.a(lib_a-memchr.o)
                0x08000200                memchr
 .text          0x080002a0      0x134 c:/programmimiei/ac6/systemworkbench/plugins/fr.ac6.mcu.externaltools.arm-none.win32_1.16.0.201807130628/tools/compiler/bin/../lib/gcc/arm-none-eabi/7.2.1/../../../../arm-none-eabi/lib/thumb/v7e-m/fpv4-sp/hard\libc.a(lib_a-memcpy.o)
                0x080002a0                memcpy
 *fill*         0x080003d4       0x2c 
 .text          0x08000400       0xdc c:/programmimiei/ac6/systemworkbench/plugins/fr.ac6.mcu.externaltools.arm-none.win32_1.16.0.201807130628/tools/compiler/bin/../lib/gcc/arm-none-eabi/7.2.1/../../../../arm-none-eabi/lib/thumb/v7e-m/fpv4-sp/hard\libc.a(lib_a-strlen.o)
                0x08000400                strlen
 .text          0x080004dc      0x378 c:/programmimiei/ac6/systemworkbench/plugins/fr.ac6.mcu.externaltools.arm-none.win32_1.16.0.201807130628/tools/compiler/bin/../lib/gcc/arm-none-eabi/7.2.1/thumb/v7e-m/fpv4-sp/hard\libgcc.a(_arm_addsubdf3.o)
                0x080004dc                __aeabi_drsub
                0x080004e4                __aeabi_dsub
                0x080004e4                __subdf3
                0x080004e8                __aeabi_dadd
                0x080004e8                __adddf3
                0x08000760                __floatunsidf
                0x08000760                __aeabi_ui2d
                0x08000780                __floatsidf
                0x08000780                __aeabi_i2d
                0x080007a4                __aeabi_f2d
                0x080007a4                __extendsfdf2
                0x080007e8                __floatundidf
                0x080007e8                __aeabi_ul2d
                0x080007f8                __floatdidf
                0x080007f8                __aeabi_l2d
 .text          0x08000854      0x424 c:/programmimiei/ac6/systemworkbench/plugins/fr.ac6.mcu.externaltools.arm-none.win32_1.16.0.201807130628/tools/compiler/bin/../lib/gcc/arm-none-eabi/7.2.1/thumb/v7e-m/fpv4-sp/hard\libgcc.a(_arm_muldivdf3.o)
                0x08000854                __aeabi_dmul
                0x08000854                __muldf3
                0x08000aa8                __divdf3
                0x08000aa8                __aeabi_ddiv
 .text          0x08000c78      0x110 c:/programmimiei/ac6/systemworkbench/plugins/fr.ac6.mcu.externaltools.arm-none.win32_1.16.0.201807130628/tools/compiler/bin/../lib/gcc/arm-none-eabi/7.2.1/thumb/v7e-m/fpv4-sp/hard\libgcc.a(_arm_cmpdf2.o)
                0x08000c78                __gtdf2
                0x08000c78                __gedf2
                0x08000c80                __ltdf2
                0x08000c80                __ledf2
                0x08000c88                __nedf2
                0x08000c88                __eqdf2
                0x08000c88                __cmpdf2
                0x08000d04                __aeabi_cdrcmple
                0x08000d14                __aeabi_cdcmpeq
                0x08000d14                __aeabi_cdcmple
                0x08000d24                __aeabi_dcmpeq
                0x08000d38                __aeabi_dcmplt
                0x08000d4c                __aeabi_dcmple
                0x08000d60                __aeabi_dcmpge
                0x08000d74                __aeabi_dcmpgt
 .text          0x08000d88       0x2c c:/programmimiei/ac6/systemworkbench/plugins/fr.ac6.mcu.externaltools.arm-none.win32_1.16.0.201807130628/tools/compiler/bin/../lib/gcc/arm-none-eabi/7.2.1/thumb/v7e-m/fpv4-sp/hard\libgcc.a(_arm_unorddf2.o)
                0x08000d88                __unorddf2
                0x08000d88                __aeabi_dcmpun
 .text          0x08000db4       0x50 c:/programmimiei/ac6/systemworkbench/plugins/fr.ac6.mcu.externaltools.arm-none.win32_1.16.0.201807130628/tools/compiler/bin/../lib/gcc/arm-none-eabi/7.2.1/thumb/v7e-m/fpv4-sp/hard\libgcc.a(_arm_fixdfsi.o)
                0x08000db4                __aeabi_d2iz
                0x08000db4                __fixdfsi
 .text          0x08000e04       0x30 c:/programmimiei/ac6/systemworkbench/plugins/fr.ac6.mcu.externaltools.arm-none.win32_1.16.0.201807130628/tools/compiler/bin/../lib/gcc/arm-none-eabi/7.2.1/thumb/v7e-m/fpv4-sp/hard\libgcc.a(_aeabi_uldivmod.o)
                0x08000e04                __aeabi_uldivmod
 .text          0x08000e34      0x2cc c:/programmimiei/ac6/systemworkbench/plugins/fr.ac6.mcu.externaltools.arm-none.win32_1.16.0.201807130628/tools/compiler/bin/../lib/gcc/arm-none-eabi/7.2.1/thumb/v7e-m/fpv4-sp/hard\libgcc.a(_udivmoddi4.o)
                0x08000e34                __udivmoddi4
 .text          0x08001100        0x4 c:/programmimiei/ac6/systemworkbench/plugins/fr.ac6.mcu.externaltools.arm-none.win32_1.16.0.201807130628/tools/compiler/bin/../lib/gcc/arm-none-eabi/7.2.1/thumb/v7e-m/fpv4-sp/hard\libgcc.a(_dvmd_tls.o)
                0x08001100                __aeabi_idiv0
                0x08001100                __aeabi_ldiv0
 *(.text*)
 .text.EXTI_Init
                0x08001104       0xe4 StdPeriph_Driver/src/stm32f4xx_exti.o
                0x08001104                EXTI_Init
 .text.GPIO_Init
                0x080011e8      0x11c StdPeriph_Driver/src/stm32f4xx_gpio.o
                0x080011e8                GPIO_Init
 .text.GPIO_PinAFConfig
                0x08001304       0x92 StdPeriph_Driver/src/stm32f4xx_gpio.o
                0x08001304                GPIO_PinAFConfig
 *fill*         0x08001396        0x2 
 .text.I2C_DeInit
                0x08001398       0x74 StdPeriph_Driver/src/stm32f4xx_i2c.o
                0x08001398                I2C_DeInit
 .text.I2C_Init
                0x0800140c      0x184 StdPeriph_Driver/src/stm32f4xx_i2c.o
                0x0800140c                I2C_Init
 .text.I2C_Cmd  0x08001590       0x40 StdPeriph_Driver/src/stm32f4xx_i2c.o
                0x08001590                I2C_Cmd
 .text.I2C_GenerateSTART
                0x080015d0       0x40 StdPeriph_Driver/src/stm32f4xx_i2c.o
                0x080015d0                I2C_GenerateSTART
 .text.I2C_GenerateSTOP
                0x08001610       0x40 StdPeriph_Driver/src/stm32f4xx_i2c.o
                0x08001610                I2C_GenerateSTOP
 .text.I2C_Send7bitAddress
                0x08001650       0x3c StdPeriph_Driver/src/stm32f4xx_i2c.o
                0x08001650                I2C_Send7bitAddress
 .text.I2C_AcknowledgeConfig
                0x0800168c       0x40 StdPeriph_Driver/src/stm32f4xx_i2c.o
                0x0800168c                I2C_AcknowledgeConfig
 .text.I2C_SendData
                0x080016cc       0x20 StdPeriph_Driver/src/stm32f4xx_i2c.o
                0x080016cc                I2C_SendData
 .text.I2C_ReceiveData
                0x080016ec       0x1c StdPeriph_Driver/src/stm32f4xx_i2c.o
                0x080016ec                I2C_ReceiveData
 .text.I2C_CheckEvent
                0x08001708       0x60 StdPeriph_Driver/src/stm32f4xx_i2c.o
                0x08001708                I2C_CheckEvent
 .text.I2C_GetLastEvent
                0x08001768       0x44 StdPeriph_Driver/src/stm32f4xx_i2c.o
                0x08001768                I2C_GetLastEvent
 .text.I2C_GetFlagStatus
                0x080017ac       0x66 StdPeriph_Driver/src/stm32f4xx_i2c.o
                0x080017ac                I2C_GetFlagStatus
 .text.I2C_ClearFlag
                0x08001812       0x2e StdPeriph_Driver/src/stm32f4xx_i2c.o
                0x08001812                I2C_ClearFlag
 .text.RCC_GetClocksFreq
                0x08001840      0x150 StdPeriph_Driver/src/stm32f4xx_rcc.o
                0x08001840                RCC_GetClocksFreq
 .text.RCC_AHB1PeriphClockCmd
                0x08001990       0x40 StdPeriph_Driver/src/stm32f4xx_rcc.o
                0x08001990                RCC_AHB1PeriphClockCmd
 .text.RCC_APB1PeriphClockCmd
                0x080019d0       0x40 StdPeriph_Driver/src/stm32f4xx_rcc.o
                0x080019d0                RCC_APB1PeriphClockCmd
 .text.RCC_APB1PeriphResetCmd
                0x08001a10       0x40 StdPeriph_Driver/src/stm32f4xx_rcc.o
                0x08001a10                RCC_APB1PeriphResetCmd
 .text.SYSCFG_EXTILineConfig
                0x08001a50       0x84 StdPeriph_Driver/src/stm32f4xx_syscfg.o
                0x08001a50                SYSCFG_EXTILineConfig
 .text.USART_Init
                0x08001ad4      0x174 StdPeriph_Driver/src/stm32f4xx_usart.o
                0x08001ad4                USART_Init
 .text.USART_Cmd
                0x08001c48       0x40 StdPeriph_Driver/src/stm32f4xx_usart.o
                0x08001c48                USART_Cmd
 .text.USART_SendData
                0x08001c88       0x24 StdPeriph_Driver/src/stm32f4xx_usart.o
                0x08001c88                USART_SendData
 .text.USART_GetFlagStatus
                0x08001cac       0x38 StdPeriph_Driver/src/stm32f4xx_usart.o
                0x08001cac                USART_GetFlagStatus
 .text.LSM303DLHC_AccInit
                0x08001ce4       0x78 Utilities/STM32F401-Discovery/stm32f401_discovery_lsm303dlhc.o
                0x08001ce4                LSM303DLHC_AccInit
 .text.LSM303DLHC_Read
                0x08001d5c      0x37c Utilities/STM32F401-Discovery/stm32f401_discovery_lsm303dlhc.o
                0x08001d5c                LSM303DLHC_Read
 .text.LSM303DLHC_Write
                0x080020d8      0x1a0 Utilities/STM32F401-Discovery/stm32f401_discovery_lsm303dlhc.o
                0x080020d8                LSM303DLHC_Write
 .text.LSM303DLHC_I2C_Config
                0x08002278       0xb0 Utilities/STM32F401-Discovery/stm32f401_discovery_lsm303dlhc.o
                0x08002278                LSM303DLHC_I2C_Config
 .text.LSM303DLHC_LowLevel_Init
                0x08002328      0x130 Utilities/STM32F401-Discovery/stm32f401_discovery_lsm303dlhc.o
 .text.NVIC_SetPriority
                0x08002458       0x54 src/main.o
 .text.SysTick_Config
                0x080024ac       0x44 src/main.o
 .text.main     0x080024f0      0x1a8 src/main.o
                0x080024f0                main
 .text.SysTick_Handler
                0x08002698        0xc src/main.o
                0x08002698                SysTick_Handler
 .text.I2C_Initialization
                0x080026a4       0xa4 src/main.o
                0x080026a4                I2C_Initialization
 .text.Delay    0x08002748       0x28 src/main.o
                0x08002748                Delay
 .text.TimingDelay_Decrement
                0x08002770       0x24 src/main.o
                0x08002770                TimingDelay_Decrement
 .text.USART_Config
                0x08002794       0x48 src/main.o
                0x08002794                USART_Config
 .text.GPIO_init
                0x080027dc       0x60 src/main.o
                0x080027dc                GPIO_init
 .text._sbrk    0x0800283c       0x58 src/syscalls.o
                0x0800283c                _sbrk
 .text.SystemInit
                0x08002894       0x6c src/system_stm32f4xx.o
                0x08002894                SystemInit
 .text.SetSysClock
                0x08002900       0xf4 src/system_stm32f4xx.o
 .text.Reset_Handler
                0x080029f4       0x48 startup/startup_stm32f401xx.o
                0x080029f4                Reset_Handler
 .text.Default_Handler
                0x08002a3c        0x2 startup/startup_stm32f401xx.o
                0x08002a3c                RTC_Alarm_IRQHandler
                0x08002a3c                EXTI2_IRQHandler
                0x08002a3c                DebugMon_Handler
                0x08002a3c                TIM1_CC_IRQHandler
                0x08002a3c                DMA2_Stream5_IRQHandler
                0x08002a3c                HardFault_Handler
                0x08002a3c                DMA1_Stream5_IRQHandler
                0x08002a3c                PVD_IRQHandler
                0x08002a3c                SDIO_IRQHandler
                0x08002a3c                TAMP_STAMP_IRQHandler
                0x08002a3c                PendSV_Handler
                0x08002a3c                NMI_Handler
                0x08002a3c                EXTI3_IRQHandler
                0x08002a3c                TIM1_UP_TIM10_IRQHandler
                0x08002a3c                I2C3_ER_IRQHandler
                0x08002a3c                EXTI0_IRQHandler
                0x08002a3c                I2C2_EV_IRQHandler
                0x08002a3c                DMA1_Stream2_IRQHandler
                0x08002a3c                FPU_IRQHandler
                0x08002a3c                UsageFault_Handler
                0x08002a3c                DMA2_Stream2_IRQHandler
                0x08002a3c                SPI1_IRQHandler
                0x08002a3c                TIM1_BRK_TIM9_IRQHandler
                0x08002a3c                DMA2_Stream3_IRQHandler
                0x08002a3c                USART6_IRQHandler
                0x08002a3c                DMA2_Stream0_IRQHandler
                0x08002a3c                TIM4_IRQHandler
                0x08002a3c                I2C1_EV_IRQHandler
                0x08002a3c                DMA1_Stream6_IRQHandler
                0x08002a3c                DMA1_Stream1_IRQHandler
                0x08002a3c                TIM3_IRQHandler
                0x08002a3c                RCC_IRQHandler
                0x08002a3c                Default_Handler
                0x08002a3c                EXTI15_10_IRQHandler
                0x08002a3c                ADC_IRQHandler
                0x08002a3c                DMA1_Stream7_IRQHandler
                0x08002a3c                TIM5_IRQHandler
                0x08002a3c                DMA2_Stream7_IRQHandler
                0x08002a3c                I2C3_EV_IRQHandler
                0x08002a3c                EXTI9_5_IRQHandler
                0x08002a3c                RTC_WKUP_IRQHandler
                0x08002a3c                SPI2_IRQHandler
                0x08002a3c                MemManage_Handler
                0x08002a3c                DMA1_Stream0_IRQHandler
                0x08002a3c                SVC_Handler
                0x08002a3c                EXTI4_IRQHandler
                0x08002a3c                WWDG_IRQHandler
                0x08002a3c                TIM2_IRQHandler
                0x08002a3c                OTG_FS_WKUP_IRQHandler
                0x08002a3c                TIM1_TRG_COM_TIM11_IRQHandler
                0x08002a3c                EXTI1_IRQHandler
                0x08002a3c                USART2_IRQHandler
                0x08002a3c                I2C2_ER_IRQHandler
                0x08002a3c                DMA2_Stream1_IRQHandler
                0x08002a3c                FLASH_IRQHandler
                0x08002a3c                DMA2_Stream4_IRQHandler
                0x08002a3c                BusFault_Handler
                0x08002a3c                USART1_IRQHandler
                0x08002a3c                OTG_FS_IRQHandler
                0x08002a3c                SPI3_IRQHandler
                0x08002a3c                DMA1_Stream4_IRQHandler
                0x08002a3c                I2C1_ER_IRQHandler
                0x08002a3c                DMA2_Stream6_IRQHandler
                0x08002a3c                DMA1_Stream3_IRQHandler
 *fill*         0x08002a3e        0x2 
 .text.__errno  0x08002a40        0xc c:/programmimiei/ac6/systemworkbench/plugins/fr.ac6.mcu.externaltools.arm-none.win32_1.16.0.201807130628/tools/compiler/bin/../lib/gcc/arm-none-eabi/7.2.1/../../../../arm-none-eabi/lib/thumb/v7e-m/fpv4-sp/hard\libc.a(lib_a-errno.o)
                0x08002a40                __errno
 .text.__libc_init_array
                0x08002a4c       0x48 c:/programmimiei/ac6/systemworkbench/plugins/fr.ac6.mcu.externaltools.arm-none.win32_1.16.0.201807130628/tools/compiler/bin/../lib/gcc/arm-none-eabi/7.2.1/../../../../arm-none-eabi/lib/thumb/v7e-m/fpv4-sp/hard\libc.a(lib_a-init.o)
                0x08002a4c                __libc_init_array
 .text.memset   0x08002a94       0x94 c:/programmimiei/ac6/systemworkbench/plugins/fr.ac6.mcu.externaltools.arm-none.win32_1.16.0.201807130628/tools/compiler/bin/../lib/gcc/arm-none-eabi/7.2.1/../../../../arm-none-eabi/lib/thumb/v7e-m/fpv4-sp/hard\libc.a(lib_a-memset.o)
                0x08002a94                memset
 .text.sprintf  0x08002b28       0x44 c:/programmimiei/ac6/systemworkbench/plugins/fr.ac6.mcu.externaltools.arm-none.win32_1.16.0.201807130628/tools/compiler/bin/../lib/gcc/arm-none-eabi/7.2.1/../../../../arm-none-eabi/lib/thumb/v7e-m/fpv4-sp/hard\libc.a(lib_a-sprintf.o)
                0x08002b28                sprintf
 *fill*         0x08002b6c        0x4 
 .text._svfprintf_r
                0x08002b70     0x144c c:/programmimiei/ac6/systemworkbench/plugins/fr.ac6.mcu.externaltools.arm-none.win32_1.16.0.201807130628/tools/compiler/bin/../lib/gcc/arm-none-eabi/7.2.1/../../../../arm-none-eabi/lib/thumb/v7e-m/fpv4-sp/hard\libc.a(lib_a-svfprintf.o)
                0x08002b70                _svfprintf_r
 .text.startup.register_fini
                0x08003fbc       0x14 c:/programmimiei/ac6/systemworkbench/plugins/fr.ac6.mcu.externaltools.arm-none.win32_1.16.0.201807130628/tools/compiler/bin/../lib/gcc/arm-none-eabi/7.2.1/../../../../arm-none-eabi/lib/thumb/v7e-m/fpv4-sp/hard\libc.a(lib_a-__call_atexit.o)
 .text.atexit   0x08003fd0        0xc c:/programmimiei/ac6/systemworkbench/plugins/fr.ac6.mcu.externaltools.arm-none.win32_1.16.0.201807130628/tools/compiler/bin/../lib/gcc/arm-none-eabi/7.2.1/../../../../arm-none-eabi/lib/thumb/v7e-m/fpv4-sp/hard\libc.a(lib_a-atexit.o)
                0x08003fd0                atexit
 .text.quorem   0x08003fdc      0x124 c:/programmimiei/ac6/systemworkbench/plugins/fr.ac6.mcu.externaltools.arm-none.win32_1.16.0.201807130628/tools/compiler/bin/../lib/gcc/arm-none-eabi/7.2.1/../../../../arm-none-eabi/lib/thumb/v7e-m/fpv4-sp/hard\libc.a(lib_a-dtoa.o)
 .text._dtoa_r  0x08004100      0xe28 c:/programmimiei/ac6/systemworkbench/plugins/fr.ac6.mcu.externaltools.arm-none.win32_1.16.0.201807130628/tools/compiler/bin/../lib/gcc/arm-none-eabi/7.2.1/../../../../arm-none-eabi/lib/thumb/v7e-m/fpv4-sp/hard\libc.a(lib_a-dtoa.o)
                0x08004100                _dtoa_r
 .text.__libc_fini_array
                0x08004f28       0x34 c:/programmimiei/ac6/systemworkbench/plugins/fr.ac6.mcu.externaltools.arm-none.win32_1.16.0.201807130628/tools/compiler/bin/../lib/gcc/arm-none-eabi/7.2.1/../../../../arm-none-eabi/lib/thumb/v7e-m/fpv4-sp/hard\libc.a(lib_a-fini.o)
                0x08004f28                __libc_fini_array
 .text._localeconv_r
                0x08004f5c       0x1c c:/programmimiei/ac6/systemworkbench/plugins/fr.ac6.mcu.externaltools.arm-none.win32_1.16.0.201807130628/tools/compiler/bin/../lib/gcc/arm-none-eabi/7.2.1/../../../../arm-none-eabi/lib/thumb/v7e-m/fpv4-sp/hard\libc.a(lib_a-localeconv.o)
                0x08004f5c                _localeconv_r
 .text.__retarget_lock_acquire_recursive
                0x08004f78        0x4 c:/programmimiei/ac6/systemworkbench/plugins/fr.ac6.mcu.externaltools.arm-none.win32_1.16.0.201807130628/tools/compiler/bin/../lib/gcc/arm-none-eabi/7.2.1/../../../../arm-none-eabi/lib/thumb/v7e-m/fpv4-sp/hard\libc.a(lib_a-lock.o)
                0x08004f78                __retarget_lock_acquire_recursive
 .text.__retarget_lock_release_recursive
                0x08004f7c        0x4 c:/programmimiei/ac6/systemworkbench/plugins/fr.ac6.mcu.externaltools.arm-none.win32_1.16.0.201807130628/tools/compiler/bin/../lib/gcc/arm-none-eabi/7.2.1/../../../../arm-none-eabi/lib/thumb/v7e-m/fpv4-sp/hard\libc.a(lib_a-lock.o)
                0x08004f7c                __retarget_lock_release_recursive
 .text._malloc_r
                0x08004f80      0x548 c:/programmimiei/ac6/systemworkbench/plugins/fr.ac6.mcu.externaltools.arm-none.win32_1.16.0.201807130628/tools/compiler/bin/../lib/gcc/arm-none-eabi/7.2.1/../../../../arm-none-eabi/lib/thumb/v7e-m/fpv4-sp/hard\libc.a(lib_a-mallocr.o)
                0x08004f80                _malloc_r
 .text.__malloc_lock
                0x080054c8        0xc c:/programmimiei/ac6/systemworkbench/plugins/fr.ac6.mcu.externaltools.arm-none.win32_1.16.0.201807130628/tools/compiler/bin/../lib/gcc/arm-none-eabi/7.2.1/../../../../arm-none-eabi/lib/thumb/v7e-m/fpv4-sp/hard\libc.a(lib_a-mlock.o)
                0x080054c8                __malloc_lock
 .text.__malloc_unlock
                0x080054d4        0xc c:/programmimiei/ac6/systemworkbench/plugins/fr.ac6.mcu.externaltools.arm-none.win32_1.16.0.201807130628/tools/compiler/bin/../lib/gcc/arm-none-eabi/7.2.1/../../../../arm-none-eabi/lib/thumb/v7e-m/fpv4-sp/hard\libc.a(lib_a-mlock.o)
                0x080054d4                __malloc_unlock
 .text._Balloc  0x080054e0       0x4c c:/programmimiei/ac6/systemworkbench/plugins/fr.ac6.mcu.externaltools.arm-none.win32_1.16.0.201807130628/tools/compiler/bin/../lib/gcc/arm-none-eabi/7.2.1/../../../../arm-none-eabi/lib/thumb/v7e-m/fpv4-sp/hard\libc.a(lib_a-mprec.o)
                0x080054e0                _Balloc
 .text._Bfree   0x0800552c       0x14 c:/programmimiei/ac6/systemworkbench/plugins/fr.ac6.mcu.externaltools.arm-none.win32_1.16.0.201807130628/tools/compiler/bin/../lib/gcc/arm-none-eabi/7.2.1/../../../../arm-none-eabi/lib/thumb/v7e-m/fpv4-sp/hard\libc.a(lib_a-mprec.o)
                0x0800552c                _Bfree
 .text.__multadd
                0x08005540       0x80 c:/programmimiei/ac6/systemworkbench/plugins/fr.ac6.mcu.externaltools.arm-none.win32_1.16.0.201807130628/tools/compiler/bin/../lib/gcc/arm-none-eabi/7.2.1/../../../../arm-none-eabi/lib/thumb/v7e-m/fpv4-sp/hard\libc.a(lib_a-mprec.o)
                0x08005540                __multadd
 .text.__hi0bits
                0x080055c0       0x40 c:/programmimiei/ac6/systemworkbench/plugins/fr.ac6.mcu.externaltools.arm-none.win32_1.16.0.201807130628/tools/compiler/bin/../lib/gcc/arm-none-eabi/7.2.1/../../../../arm-none-eabi/lib/thumb/v7e-m/fpv4-sp/hard\libc.a(lib_a-mprec.o)
                0x080055c0                __hi0bits
 .text.__lo0bits
                0x08005600       0x60 c:/programmimiei/ac6/systemworkbench/plugins/fr.ac6.mcu.externaltools.arm-none.win32_1.16.0.201807130628/tools/compiler/bin/../lib/gcc/arm-none-eabi/7.2.1/../../../../arm-none-eabi/lib/thumb/v7e-m/fpv4-sp/hard\libc.a(lib_a-mprec.o)
                0x08005600                __lo0bits
 .text.__i2b    0x08005660       0x14 c:/programmimiei/ac6/systemworkbench/plugins/fr.ac6.mcu.externaltools.arm-none.win32_1.16.0.201807130628/tools/compiler/bin/../lib/gcc/arm-none-eabi/7.2.1/../../../../arm-none-eabi/lib/thumb/v7e-m/fpv4-sp/hard\libc.a(lib_a-mprec.o)
                0x08005660                __i2b
 .text.__multiply
                0x08005674      0x14c c:/programmimiei/ac6/systemworkbench/plugins/fr.ac6.mcu.externaltools.arm-none.win32_1.16.0.201807130628/tools/compiler/bin/../lib/gcc/arm-none-eabi/7.2.1/../../../../arm-none-eabi/lib/thumb/v7e-m/fpv4-sp/hard\libc.a(lib_a-mprec.o)
                0x08005674                __multiply
 .text.__pow5mult
                0x080057c0       0xa0 c:/programmimiei/ac6/systemworkbench/plugins/fr.ac6.mcu.externaltools.arm-none.win32_1.16.0.201807130628/tools/compiler/bin/../lib/gcc/arm-none-eabi/7.2.1/../../../../arm-none-eabi/lib/thumb/v7e-m/fpv4-sp/hard\libc.a(lib_a-mprec.o)
                0x080057c0                __pow5mult
 .text.__lshift
                0x08005860       0xac c:/programmimiei/ac6/systemworkbench/plugins/fr.ac6.mcu.externaltools.arm-none.win32_1.16.0.201807130628/tools/compiler/bin/../lib/gcc/arm-none-eabi/7.2.1/../../../../arm-none-eabi/lib/thumb/v7e-m/fpv4-sp/hard\libc.a(lib_a-mprec.o)
                0x08005860                __lshift
 .text.__mcmp   0x0800590c       0x38 c:/programmimiei/ac6/systemworkbench/plugins/fr.ac6.mcu.externaltools.arm-none.win32_1.16.0.201807130628/tools/compiler/bin/../lib/gcc/arm-none-eabi/7.2.1/../../../../arm-none-eabi/lib/thumb/v7e-m/fpv4-sp/hard\libc.a(lib_a-mprec.o)
                0x0800590c                __mcmp
 .text.__mdiff  0x08005944       0xec c:/programmimiei/ac6/systemworkbench/plugins/fr.ac6.mcu.externaltools.arm-none.win32_1.16.0.201807130628/tools/compiler/bin/../lib/gcc/arm-none-eabi/7.2.1/../../../../arm-none-eabi/lib/thumb/v7e-m/fpv4-sp/hard\libc.a(lib_a-mprec.o)
                0x08005944                __mdiff
 .text.__d2b    0x08005a30       0xc4 c:/programmimiei/ac6/systemworkbench/plugins/fr.ac6.mcu.externaltools.arm-none.win32_1.16.0.201807130628/tools/compiler/bin/../lib/gcc/arm-none-eabi/7.2.1/../../../../arm-none-eabi/lib/thumb/v7e-m/fpv4-sp/hard\libc.a(lib_a-mprec.o)
                0x08005a30                __d2b
 .text._sbrk_r  0x08005af4       0x24 c:/programmimiei/ac6/systemworkbench/plugins/fr.ac6.mcu.externaltools.arm-none.win32_1.16.0.201807130628/tools/compiler/bin/../lib/gcc/arm-none-eabi/7.2.1/../../../../arm-none-eabi/lib/thumb/v7e-m/fpv4-sp/hard\libc.a(lib_a-sbrkr.o)
                0x08005af4                _sbrk_r
 .text.__ssprint_r
                0x08005b18       0xf4 c:/programmimiei/ac6/systemworkbench/plugins/fr.ac6.mcu.externaltools.arm-none.win32_1.16.0.201807130628/tools/compiler/bin/../lib/gcc/arm-none-eabi/7.2.1/../../../../arm-none-eabi/lib/thumb/v7e-m/fpv4-sp/hard\libc.a(lib_a-svfiprintf.o)
                0x08005b18                __ssprint_r
 .text.__register_exitproc
                0x08005c0c       0xc0 c:/programmimiei/ac6/systemworkbench/plugins/fr.ac6.mcu.externaltools.arm-none.win32_1.16.0.201807130628/tools/compiler/bin/../lib/gcc/arm-none-eabi/7.2.1/../../../../arm-none-eabi/lib/thumb/v7e-m/fpv4-sp/hard\libc.a(lib_a-__atexit.o)
                0x08005c0c                __register_exitproc
 .text._calloc_r
                0x08005ccc       0x68 c:/programmimiei/ac6/systemworkbench/plugins/fr.ac6.mcu.externaltools.arm-none.win32_1.16.0.201807130628/tools/compiler/bin/../lib/gcc/arm-none-eabi/7.2.1/../../../../arm-none-eabi/lib/thumb/v7e-m/fpv4-sp/hard\libc.a(lib_a-callocr.o)
                0x08005ccc                _calloc_r
 .text._malloc_trim_r
                0x08005d34       0xa0 c:/programmimiei/ac6/systemworkbench/plugins/fr.ac6.mcu.externaltools.arm-none.win32_1.16.0.201807130628/tools/compiler/bin/../lib/gcc/arm-none-eabi/7.2.1/../../../../arm-none-eabi/lib/thumb/v7e-m/fpv4-sp/hard\libc.a(lib_a-freer.o)
                0x08005d34                _malloc_trim_r
 .text._free_r  0x08005dd4      0x1e8 c:/programmimiei/ac6/systemworkbench/plugins/fr.ac6.mcu.externaltools.arm-none.win32_1.16.0.201807130628/tools/compiler/bin/../lib/gcc/arm-none-eabi/7.2.1/../../../../arm-none-eabi/lib/thumb/v7e-m/fpv4-sp/hard\libc.a(lib_a-freer.o)
                0x08005dd4                _free_r
 .text.__ascii_mbtowc
                0x08005fbc       0x2c c:/programmimiei/ac6/systemworkbench/plugins/fr.ac6.mcu.externaltools.arm-none.win32_1.16.0.201807130628/tools/compiler/bin/../lib/gcc/arm-none-eabi/7.2.1/../../../../arm-none-eabi/lib/thumb/v7e-m/fpv4-sp/hard\libc.a(lib_a-mbtowc_r.o)
                0x08005fbc                __ascii_mbtowc
 .text.memmove  0x08005fe8       0xc8 c:/programmimiei/ac6/systemworkbench/plugins/fr.ac6.mcu.externaltools.arm-none.win32_1.16.0.201807130628/tools/compiler/bin/../lib/gcc/arm-none-eabi/7.2.1/../../../../arm-none-eabi/lib/thumb/v7e-m/fpv4-sp/hard\libc.a(lib_a-memmove.o)
                0x08005fe8                memmove
 .text._realloc_r
                0x080060b0      0x35c c:/programmimiei/ac6/systemworkbench/plugins/fr.ac6.mcu.externaltools.arm-none.win32_1.16.0.201807130628/tools/compiler/bin/../lib/gcc/arm-none-eabi/7.2.1/../../../../arm-none-eabi/lib/thumb/v7e-m/fpv4-sp/hard\libc.a(lib_a-reallocr.o)
                0x080060b0                _realloc_r
 .text.__ascii_wctomb
                0x0800640c       0x1c c:/programmimiei/ac6/systemworkbench/plugins/fr.ac6.mcu.externaltools.arm-none.win32_1.16.0.201807130628/tools/compiler/bin/../lib/gcc/arm-none-eabi/7.2.1/../../../../arm-none-eabi/lib/thumb/v7e-m/fpv4-sp/hard\libc.a(lib_a-wctomb_r.o)
                0x0800640c                __ascii_wctomb
 *(.glue_7)
 .glue_7        0x08006428        0x0 linker stubs
 *(.glue_7t)
 .glue_7t       0x08006428        0x0 linker stubs
 *(.eh_frame)
 .eh_frame      0x08006428        0x0 c:/programmimiei/ac6/systemworkbench/plugins/fr.ac6.mcu.externaltools.arm-none.win32_1.16.0.201807130628/tools/compiler/bin/../lib/gcc/arm-none-eabi/7.2.1/thumb/v7e-m/fpv4-sp/hard/crtbegin.o
 *(.init)
 .init          0x08006428        0x4 c:/programmimiei/ac6/systemworkbench/plugins/fr.ac6.mcu.externaltools.arm-none.win32_1.16.0.201807130628/tools/compiler/bin/../lib/gcc/arm-none-eabi/7.2.1/thumb/v7e-m/fpv4-sp/hard/crti.o
                0x08006428                _init
 .init          0x0800642c        0x8 c:/programmimiei/ac6/systemworkbench/plugins/fr.ac6.mcu.externaltools.arm-none.win32_1.16.0.201807130628/tools/compiler/bin/../lib/gcc/arm-none-eabi/7.2.1/thumb/v7e-m/fpv4-sp/hard/crtn.o
 *(.fini)
 .fini          0x08006434        0x4 c:/programmimiei/ac6/systemworkbench/plugins/fr.ac6.mcu.externaltools.arm-none.win32_1.16.0.201807130628/tools/compiler/bin/../lib/gcc/arm-none-eabi/7.2.1/thumb/v7e-m/fpv4-sp/hard/crti.o
                0x08006434                _fini
 .fini          0x08006438        0x8 c:/programmimiei/ac6/systemworkbench/plugins/fr.ac6.mcu.externaltools.arm-none.win32_1.16.0.201807130628/tools/compiler/bin/../lib/gcc/arm-none-eabi/7.2.1/thumb/v7e-m/fpv4-sp/hard/crtn.o
                0x08006440                . = ALIGN (0x4)
                0x08006440                _etext = .

.vfp11_veneer   0x08006440        0x0
 .vfp11_veneer  0x08006440        0x0 linker stubs

.v4_bx          0x08006440        0x0
 .v4_bx         0x08006440        0x0 linker stubs

.iplt           0x08006440        0x0
 .iplt          0x08006440        0x0 c:/programmimiei/ac6/systemworkbench/plugins/fr.ac6.mcu.externaltools.arm-none.win32_1.16.0.201807130628/tools/compiler/bin/../lib/gcc/arm-none-eabi/7.2.1/thumb/v7e-m/fpv4-sp/hard/crtbegin.o

.rodata         0x08006440      0x298
                0x08006440                . = ALIGN (0x4)
 *(.rodata)
 .rodata        0x08006440        0xf src/main.o
 *(.rodata*)
 *fill*         0x0800644f        0x1 
 .rodata._global_impure_ptr
                0x08006450        0x4 c:/programmimiei/ac6/systemworkbench/plugins/fr.ac6.mcu.externaltools.arm-none.win32_1.16.0.201807130628/tools/compiler/bin/../lib/gcc/arm-none-eabi/7.2.1/../../../../arm-none-eabi/lib/thumb/v7e-m/fpv4-sp/hard\libc.a(lib_a-impure.o)
                0x08006450                _global_impure_ptr
 .rodata._svfprintf_r.str1.4
                0x08006454       0x42 c:/programmimiei/ac6/systemworkbench/plugins/fr.ac6.mcu.externaltools.arm-none.win32_1.16.0.201807130628/tools/compiler/bin/../lib/gcc/arm-none-eabi/7.2.1/../../../../arm-none-eabi/lib/thumb/v7e-m/fpv4-sp/hard\libc.a(lib_a-svfprintf.o)
 *fill*         0x08006496        0x2 
 .rodata.blanks.8551
                0x08006498       0x10 c:/programmimiei/ac6/systemworkbench/plugins/fr.ac6.mcu.externaltools.arm-none.win32_1.16.0.201807130628/tools/compiler/bin/../lib/gcc/arm-none-eabi/7.2.1/../../../../arm-none-eabi/lib/thumb/v7e-m/fpv4-sp/hard\libc.a(lib_a-svfprintf.o)
 .rodata.zeroes.8552
                0x080064a8       0x10 c:/programmimiei/ac6/systemworkbench/plugins/fr.ac6.mcu.externaltools.arm-none.win32_1.16.0.201807130628/tools/compiler/bin/../lib/gcc/arm-none-eabi/7.2.1/../../../../arm-none-eabi/lib/thumb/v7e-m/fpv4-sp/hard\libc.a(lib_a-svfprintf.o)
 .rodata._dtoa_r.str1.4
                0x080064b8       0x10 c:/programmimiei/ac6/systemworkbench/plugins/fr.ac6.mcu.externaltools.arm-none.win32_1.16.0.201807130628/tools/compiler/bin/../lib/gcc/arm-none-eabi/7.2.1/../../../../arm-none-eabi/lib/thumb/v7e-m/fpv4-sp/hard\libc.a(lib_a-dtoa.o)
                                 0x12 (size before relaxing)
 .rodata.__mprec_bigtens
                0x080064c8       0x28 c:/programmimiei/ac6/systemworkbench/plugins/fr.ac6.mcu.externaltools.arm-none.win32_1.16.0.201807130628/tools/compiler/bin/../lib/gcc/arm-none-eabi/7.2.1/../../../../arm-none-eabi/lib/thumb/v7e-m/fpv4-sp/hard\libc.a(lib_a-mprec.o)
                0x080064c8                __mprec_bigtens
 .rodata.__mprec_tens
                0x080064f0       0xc8 c:/programmimiei/ac6/systemworkbench/plugins/fr.ac6.mcu.externaltools.arm-none.win32_1.16.0.201807130628/tools/compiler/bin/../lib/gcc/arm-none-eabi/7.2.1/../../../../arm-none-eabi/lib/thumb/v7e-m/fpv4-sp/hard\libc.a(lib_a-mprec.o)
                0x080064f0                __mprec_tens
 .rodata.p05.7367
                0x080065b8        0xc c:/programmimiei/ac6/systemworkbench/plugins/fr.ac6.mcu.externaltools.arm-none.win32_1.16.0.201807130628/tools/compiler/bin/../lib/gcc/arm-none-eabi/7.2.1/../../../../arm-none-eabi/lib/thumb/v7e-m/fpv4-sp/hard\libc.a(lib_a-mprec.o)
 .rodata._setlocale_r.str1.4
                0x080065c4        0xa c:/programmimiei/ac6/systemworkbench/plugins/fr.ac6.mcu.externaltools.arm-none.win32_1.16.0.201807130628/tools/compiler/bin/../lib/gcc/arm-none-eabi/7.2.1/../../../../arm-none-eabi/lib/thumb/v7e-m/fpv4-sp/hard\libc.a(lib_a-locale.o)
                                  0xd (size before relaxing)
 *fill*         0x080065ce        0x2 
 .rodata.str1.4
                0x080065d0        0x4 c:/programmimiei/ac6/systemworkbench/plugins/fr.ac6.mcu.externaltools.arm-none.win32_1.16.0.201807130628/tools/compiler/bin/../lib/gcc/arm-none-eabi/7.2.1/../../../../arm-none-eabi/lib/thumb/v7e-m/fpv4-sp/hard\libc.a(lib_a-locale.o)
                                  0x2 (size before relaxing)
 .rodata._ctype_
                0x080065d4      0x101 c:/programmimiei/ac6/systemworkbench/plugins/fr.ac6.mcu.externaltools.arm-none.win32_1.16.0.201807130628/tools/compiler/bin/../lib/gcc/arm-none-eabi/7.2.1/../../../../arm-none-eabi/lib/thumb/v7e-m/fpv4-sp/hard\libc.a(lib_a-ctype_.o)
                0x080065d4                _ctype_
                0x080066d8                . = ALIGN (0x4)
 *fill*         0x080066d5        0x3 

.ARM.extab
 *(.ARM.extab* .gnu.linkonce.armextab.*)

.ARM            0x080066d8        0x8
                0x080066d8                __exidx_start = .
 *(.ARM.exidx*)
 .ARM.exidx     0x080066d8        0x8 c:/programmimiei/ac6/systemworkbench/plugins/fr.ac6.mcu.externaltools.arm-none.win32_1.16.0.201807130628/tools/compiler/bin/../lib/gcc/arm-none-eabi/7.2.1/thumb/v7e-m/fpv4-sp/hard\libgcc.a(_udivmoddi4.o)
                0x080066e0                __exidx_end = .

.rel.dyn        0x080066e0        0x0
 .rel.iplt      0x080066e0        0x0 c:/programmimiei/ac6/systemworkbench/plugins/fr.ac6.mcu.externaltools.arm-none.win32_1.16.0.201807130628/tools/compiler/bin/../lib/gcc/arm-none-eabi/7.2.1/thumb/v7e-m/fpv4-sp/hard/crtbegin.o

.preinit_array  0x080066e0        0x0
                0x080066e0                PROVIDE (__preinit_array_start, .)
 *(.preinit_array*)
                0x080066e0                PROVIDE (__preinit_array_end, .)

.init_array     0x080066e0        0x8
                0x080066e0                PROVIDE (__init_array_start, .)
 *(SORT_BY_NAME(.init_array.*))
 .init_array.00000
                0x080066e0        0x4 c:/programmimiei/ac6/systemworkbench/plugins/fr.ac6.mcu.externaltools.arm-none.win32_1.16.0.201807130628/tools/compiler/bin/../lib/gcc/arm-none-eabi/7.2.1/../../../../arm-none-eabi/lib/thumb/v7e-m/fpv4-sp/hard\libc.a(lib_a-__call_atexit.o)
 *(.init_array*)
 .init_array    0x080066e4        0x4 c:/programmimiei/ac6/systemworkbench/plugins/fr.ac6.mcu.externaltools.arm-none.win32_1.16.0.201807130628/tools/compiler/bin/../lib/gcc/arm-none-eabi/7.2.1/thumb/v7e-m/fpv4-sp/hard/crtbegin.o
                0x080066e8                PROVIDE (__init_array_end, .)

.fini_array     0x080066e8        0x4
                0x080066e8                PROVIDE (__fini_array_start, .)
 *(SORT_BY_NAME(.fini_array.*))
 *(.fini_array*)
 .fini_array    0x080066e8        0x4 c:/programmimiei/ac6/systemworkbench/plugins/fr.ac6.mcu.externaltools.arm-none.win32_1.16.0.201807130628/tools/compiler/bin/../lib/gcc/arm-none-eabi/7.2.1/thumb/v7e-m/fpv4-sp/hard/crtbegin.o
                0x080066ec                PROVIDE (__fini_array_end, .)
                0x080066ec                _sidata = LOADADDR (.data)

.data           0x20000000      0x9d8 load address 0x080066ec
                0x20000000                . = ALIGN (0x4)
                0x20000000                _sdata = .
 *(.data)
 .data          0x20000000       0x10 StdPeriph_Driver/src/stm32f4xx_rcc.o
 .data          0x20000010        0x4 Utilities/STM32F401-Discovery/stm32f401_discovery_lsm303dlhc.o
                0x20000010                LSM303DLHC_Timeout
 .data          0x20000014       0x14 src/system_stm32f4xx.o
                0x20000014                SystemCoreClock
                0x20000018                AHBPrescTable
 *(.data*)
 .data._impure_ptr
                0x20000028        0x4 c:/programmimiei/ac6/systemworkbench/plugins/fr.ac6.mcu.externaltools.arm-none.win32_1.16.0.201807130628/tools/compiler/bin/../lib/gcc/arm-none-eabi/7.2.1/../../../../arm-none-eabi/lib/thumb/v7e-m/fpv4-sp/hard\libc.a(lib_a-impure.o)
                0x20000028                _impure_ptr
 *fill*         0x2000002c        0x4 
 .data.impure_data
                0x20000030      0x428 c:/programmimiei/ac6/systemworkbench/plugins/fr.ac6.mcu.externaltools.arm-none.win32_1.16.0.201807130628/tools/compiler/bin/../lib/gcc/arm-none-eabi/7.2.1/../../../../arm-none-eabi/lib/thumb/v7e-m/fpv4-sp/hard\libc.a(lib_a-impure.o)
 .data.__atexit_recursive_mutex
                0x20000458        0x4 c:/programmimiei/ac6/systemworkbench/plugins/fr.ac6.mcu.externaltools.arm-none.win32_1.16.0.201807130628/tools/compiler/bin/../lib/gcc/arm-none-eabi/7.2.1/../../../../arm-none-eabi/lib/thumb/v7e-m/fpv4-sp/hard\libc.a(lib_a-__call_atexit.o)
                0x20000458                __atexit_recursive_mutex
 .data.__malloc_av_
                0x2000045c      0x408 c:/programmimiei/ac6/systemworkbench/plugins/fr.ac6.mcu.externaltools.arm-none.win32_1.16.0.201807130628/tools/compiler/bin/../lib/gcc/arm-none-eabi/7.2.1/../../../../arm-none-eabi/lib/thumb/v7e-m/fpv4-sp/hard\libc.a(lib_a-mallocr.o)
                0x2000045c                __malloc_av_
 .data.__malloc_sbrk_base
                0x20000864        0x4 c:/programmimiei/ac6/systemworkbench/plugins/fr.ac6.mcu.externaltools.arm-none.win32_1.16.0.201807130628/tools/compiler/bin/../lib/gcc/arm-none-eabi/7.2.1/../../../../arm-none-eabi/lib/thumb/v7e-m/fpv4-sp/hard\libc.a(lib_a-mallocr.o)
                0x20000864                __malloc_sbrk_base
 .data.__malloc_trim_threshold
                0x20000868        0x4 c:/programmimiei/ac6/systemworkbench/plugins/fr.ac6.mcu.externaltools.arm-none.win32_1.16.0.201807130628/tools/compiler/bin/../lib/gcc/arm-none-eabi/7.2.1/../../../../arm-none-eabi/lib/thumb/v7e-m/fpv4-sp/hard\libc.a(lib_a-mallocr.o)
                0x20000868                __malloc_trim_threshold
 .data.__global_locale
                0x2000086c      0x16c c:/programmimiei/ac6/systemworkbench/plugins/fr.ac6.mcu.externaltools.arm-none.win32_1.16.0.201807130628/tools/compiler/bin/../lib/gcc/arm-none-eabi/7.2.1/../../../../arm-none-eabi/lib/thumb/v7e-m/fpv4-sp/hard\libc.a(lib_a-locale.o)
                0x2000086c                __global_locale
                0x200009d8                . = ALIGN (0x4)
                0x200009d8                _edata = .
                0x080070c4                _siccmram = LOADADDR (.ccmram)

.igot.plt       0x200009d8        0x0 load address 0x080070c4
 .igot.plt      0x200009d8        0x0 c:/programmimiei/ac6/systemworkbench/plugins/fr.ac6.mcu.externaltools.arm-none.win32_1.16.0.201807130628/tools/compiler/bin/../lib/gcc/arm-none-eabi/7.2.1/thumb/v7e-m/fpv4-sp/hard/crtbegin.o

.ccmram         0x10000000        0x0 load address 0x080070c4
                0x10000000                . = ALIGN (0x4)
                0x10000000                _sccmram = .
 *(.ccmram)
 *(.ccmram*)
                0x10000000                . = ALIGN (0x4)
                0x10000000                _eccmram = .
                0x10000000                . = ALIGN (0x4)

.bss            0x200009d8       0x88
                0x200009d8                _sbss = .
                0x200009d8                __bss_start__ = _sbss
 *(.bss)
 .bss           0x200009d8       0x1c c:/programmimiei/ac6/systemworkbench/plugins/fr.ac6.mcu.externaltools.arm-none.win32_1.16.0.201807130628/tools/compiler/bin/../lib/gcc/arm-none-eabi/7.2.1/thumb/v7e-m/fpv4-sp/hard/crtbegin.o
 .bss           0x200009f4        0x8 src/syscalls.o
                0x200009f4                __env
 *(.bss*)
 .bss.__malloc_current_mallinfo
                0x200009fc       0x28 c:/programmimiei/ac6/systemworkbench/plugins/fr.ac6.mcu.externaltools.arm-none.win32_1.16.0.201807130628/tools/compiler/bin/../lib/gcc/arm-none-eabi/7.2.1/../../../../arm-none-eabi/lib/thumb/v7e-m/fpv4-sp/hard\libc.a(lib_a-mallocr.o)
                0x200009fc                __malloc_current_mallinfo
 .bss.__malloc_max_sbrked_mem
                0x20000a24        0x4 c:/programmimiei/ac6/systemworkbench/plugins/fr.ac6.mcu.externaltools.arm-none.win32_1.16.0.201807130628/tools/compiler/bin/../lib/gcc/arm-none-eabi/7.2.1/../../../../arm-none-eabi/lib/thumb/v7e-m/fpv4-sp/hard\libc.a(lib_a-mallocr.o)
                0x20000a24                __malloc_max_sbrked_mem
 .bss.__malloc_max_total_mem
                0x20000a28        0x4 c:/programmimiei/ac6/systemworkbench/plugins/fr.ac6.mcu.externaltools.arm-none.win32_1.16.0.201807130628/tools/compiler/bin/../lib/gcc/arm-none-eabi/7.2.1/../../../../arm-none-eabi/lib/thumb/v7e-m/fpv4-sp/hard\libc.a(lib_a-mallocr.o)
                0x20000a28                __malloc_max_total_mem
 .bss.__malloc_top_pad
                0x20000a2c        0x4 c:/programmimiei/ac6/systemworkbench/plugins/fr.ac6.mcu.externaltools.arm-none.win32_1.16.0.201807130628/tools/compiler/bin/../lib/gcc/arm-none-eabi/7.2.1/../../../../arm-none-eabi/lib/thumb/v7e-m/fpv4-sp/hard\libc.a(lib_a-mallocr.o)
                0x20000a2c                __malloc_top_pad
 *(COMMON)
 COMMON         0x20000a30        0x5 src/main.o
                0x20000a30                TimingDelay
                0x20000a34                result
 *fill*         0x20000a35        0x3 
 COMMON         0x20000a38       0x21 c:/programmimiei/ac6/systemworkbench/plugins/fr.ac6.mcu.externaltools.arm-none.win32_1.16.0.201807130628/tools/compiler/bin/../lib/gcc/arm-none-eabi/7.2.1/../../../../arm-none-eabi/lib/thumb/v7e-m/fpv4-sp/hard\libc.a(lib_a-lock.o)
                0x20000a38                __lock___atexit_recursive_mutex
                0x20000a3c                __lock___arc4random_mutex
                0x20000a40                __lock___env_recursive_mutex
                0x20000a44                __lock___sinit_recursive_mutex
                0x20000a48                __lock___malloc_recursive_mutex
                0x20000a4c                __lock___at_quick_exit_mutex
                0x20000a50                __lock___dd_hash_mutex
                0x20000a54                __lock___tz_mutex
                0x20000a58                __lock___sfp_recursive_mutex
 *fill*         0x20000a59        0x3 
 COMMON         0x20000a5c        0x4 c:/programmimiei/ac6/systemworkbench/plugins/fr.ac6.mcu.externaltools.arm-none.win32_1.16.0.201807130628/tools/compiler/bin/../lib/gcc/arm-none-eabi/7.2.1/../../../../arm-none-eabi/lib/thumb/v7e-m/fpv4-sp/hard\libc.a(lib_a-reent.o)
                0x20000a5c                errno
                0x20000a60                . = ALIGN (0x4)
                0x20000a60                _ebss = .
                0x20000a60                __bss_end__ = _ebss

._user_heap_stack
                0x20000a60      0x400
                0x20000a60                . = ALIGN (0x8)
                0x20000a60                PROVIDE (end, .)
                [!provide]                PROVIDE (_end, .)
                0x20000a60                . = (. + _Min_Heap_Size)
                0x20000e60                . = (. + _Min_Stack_Size)
 *fill*         0x20000a60      0x400 
                0x20000e60                . = ALIGN (0x8)

.memory_b1_text
 *(.mb1text)
 *(.mb1text*)
 *(.mb1rodata)
 *(.mb1rodata*)

/DISCARD/
 libc.a(*)
 libm.a(*)
 libgcc.a(*)

.ARM.attributes
                0x00000000       0x30
 *(.ARM.attributes)
 .ARM.attributes
                0x00000000       0x22 c:/programmimiei/ac6/systemworkbench/plugins/fr.ac6.mcu.externaltools.arm-none.win32_1.16.0.201807130628/tools/compiler/bin/../lib/gcc/arm-none-eabi/7.2.1/thumb/v7e-m/fpv4-sp/hard/crti.o
 .ARM.attributes
                0x00000022       0x34 c:/programmimiei/ac6/systemworkbench/plugins/fr.ac6.mcu.externaltools.arm-none.win32_1.16.0.201807130628/tools/compiler/bin/../lib/gcc/arm-none-eabi/7.2.1/thumb/v7e-m/fpv4-sp/hard/crtbegin.o
 .ARM.attributes
                0x00000056       0x39 StdPeriph_Driver/src/stm32f4xx_exti.o
 .ARM.attributes
                0x0000008f       0x39 StdPeriph_Driver/src/stm32f4xx_gpio.o
 .ARM.attributes
                0x000000c8       0x39 StdPeriph_Driver/src/stm32f4xx_i2c.o
 .ARM.attributes
                0x00000101       0x39 StdPeriph_Driver/src/stm32f4xx_rcc.o
 .ARM.attributes
                0x0000013a       0x39 StdPeriph_Driver/src/stm32f4xx_syscfg.o
 .ARM.attributes
                0x00000173       0x39 StdPeriph_Driver/src/stm32f4xx_usart.o
 .ARM.attributes
                0x000001ac       0x39 Utilities/STM32F401-Discovery/stm32f401_discovery_lsm303dlhc.o
 .ARM.attributes
                0x000001e5       0x39 src/main.o
 .ARM.attributes
                0x0000021e       0x39 src/syscalls.o
 .ARM.attributes
                0x00000257       0x39 src/system_stm32f4xx.o
 .ARM.attributes
                0x00000290       0x21 startup/startup_stm32f401xx.o
 .ARM.attributes
                0x000002b1       0x34 c:/programmimiei/ac6/systemworkbench/plugins/fr.ac6.mcu.externaltools.arm-none.win32_1.16.0.201807130628/tools/compiler/bin/../lib/gcc/arm-none-eabi/7.2.1/../../../../arm-none-eabi/lib/thumb/v7e-m/fpv4-sp/hard\libc.a(lib_a-errno.o)
 .ARM.attributes
                0x000002e5       0x34 c:/programmimiei/ac6/systemworkbench/plugins/fr.ac6.mcu.externaltools.arm-none.win32_1.16.0.201807130628/tools/compiler/bin/../lib/gcc/arm-none-eabi/7.2.1/../../../../arm-none-eabi/lib/thumb/v7e-m/fpv4-sp/hard\libc.a(lib_a-impure.o)
 .ARM.attributes
                0x00000319       0x34 c:/programmimiei/ac6/systemworkbench/plugins/fr.ac6.mcu.externaltools.arm-none.win32_1.16.0.201807130628/tools/compiler/bin/../lib/gcc/arm-none-eabi/7.2.1/../../../../arm-none-eabi/lib/thumb/v7e-m/fpv4-sp/hard\libc.a(lib_a-init.o)
 .ARM.attributes
                0x0000034d       0x34 c:/programmimiei/ac6/systemworkbench/plugins/fr.ac6.mcu.externaltools.arm-none.win32_1.16.0.201807130628/tools/compiler/bin/../lib/gcc/arm-none-eabi/7.2.1/../../../../arm-none-eabi/lib/thumb/v7e-m/fpv4-sp/hard\libc.a(lib_a-memset.o)
 .ARM.attributes
                0x00000381       0x34 c:/programmimiei/ac6/systemworkbench/plugins/fr.ac6.mcu.externaltools.arm-none.win32_1.16.0.201807130628/tools/compiler/bin/../lib/gcc/arm-none-eabi/7.2.1/../../../../arm-none-eabi/lib/thumb/v7e-m/fpv4-sp/hard\libc.a(lib_a-sprintf.o)
 .ARM.attributes
                0x000003b5       0x34 c:/programmimiei/ac6/systemworkbench/plugins/fr.ac6.mcu.externaltools.arm-none.win32_1.16.0.201807130628/tools/compiler/bin/../lib/gcc/arm-none-eabi/7.2.1/../../../../arm-none-eabi/lib/thumb/v7e-m/fpv4-sp/hard\libc.a(lib_a-svfprintf.o)
 .ARM.attributes
                0x000003e9       0x34 c:/programmimiei/ac6/systemworkbench/plugins/fr.ac6.mcu.externaltools.arm-none.win32_1.16.0.201807130628/tools/compiler/bin/../lib/gcc/arm-none-eabi/7.2.1/../../../../arm-none-eabi/lib/thumb/v7e-m/fpv4-sp/hard\libc.a(lib_a-__call_atexit.o)
 .ARM.attributes
                0x0000041d       0x34 c:/programmimiei/ac6/systemworkbench/plugins/fr.ac6.mcu.externaltools.arm-none.win32_1.16.0.201807130628/tools/compiler/bin/../lib/gcc/arm-none-eabi/7.2.1/../../../../arm-none-eabi/lib/thumb/v7e-m/fpv4-sp/hard\libc.a(lib_a-atexit.o)
 .ARM.attributes
                0x00000451       0x34 c:/programmimiei/ac6/systemworkbench/plugins/fr.ac6.mcu.externaltools.arm-none.win32_1.16.0.201807130628/tools/compiler/bin/../lib/gcc/arm-none-eabi/7.2.1/../../../../arm-none-eabi/lib/thumb/v7e-m/fpv4-sp/hard\libc.a(lib_a-dtoa.o)
 .ARM.attributes
                0x00000485       0x34 c:/programmimiei/ac6/systemworkbench/plugins/fr.ac6.mcu.externaltools.arm-none.win32_1.16.0.201807130628/tools/compiler/bin/../lib/gcc/arm-none-eabi/7.2.1/../../../../arm-none-eabi/lib/thumb/v7e-m/fpv4-sp/hard\libc.a(lib_a-fini.o)
 .ARM.attributes
                0x000004b9       0x34 c:/programmimiei/ac6/systemworkbench/plugins/fr.ac6.mcu.externaltools.arm-none.win32_1.16.0.201807130628/tools/compiler/bin/../lib/gcc/arm-none-eabi/7.2.1/../../../../arm-none-eabi/lib/thumb/v7e-m/fpv4-sp/hard\libc.a(lib_a-localeconv.o)
 .ARM.attributes
                0x000004ed       0x34 c:/programmimiei/ac6/systemworkbench/plugins/fr.ac6.mcu.externaltools.arm-none.win32_1.16.0.201807130628/tools/compiler/bin/../lib/gcc/arm-none-eabi/7.2.1/../../../../arm-none-eabi/lib/thumb/v7e-m/fpv4-sp/hard\libc.a(lib_a-lock.o)
 .ARM.attributes
                0x00000521       0x34 c:/programmimiei/ac6/systemworkbench/plugins/fr.ac6.mcu.externaltools.arm-none.win32_1.16.0.201807130628/tools/compiler/bin/../lib/gcc/arm-none-eabi/7.2.1/../../../../arm-none-eabi/lib/thumb/v7e-m/fpv4-sp/hard\libc.a(lib_a-mallocr.o)
 .ARM.attributes
                0x00000555       0x20 c:/programmimiei/ac6/systemworkbench/plugins/fr.ac6.mcu.externaltools.arm-none.win32_1.16.0.201807130628/tools/compiler/bin/../lib/gcc/arm-none-eabi/7.2.1/../../../../arm-none-eabi/lib/thumb/v7e-m/fpv4-sp/hard\libc.a(lib_a-memchr.o)
 .ARM.attributes
                0x00000575       0x20 c:/programmimiei/ac6/systemworkbench/plugins/fr.ac6.mcu.externaltools.arm-none.win32_1.16.0.201807130628/tools/compiler/bin/../lib/gcc/arm-none-eabi/7.2.1/../../../../arm-none-eabi/lib/thumb/v7e-m/fpv4-sp/hard\libc.a(lib_a-memcpy.o)
 .ARM.attributes
                0x00000595       0x34 c:/programmimiei/ac6/systemworkbench/plugins/fr.ac6.mcu.externaltools.arm-none.win32_1.16.0.201807130628/tools/compiler/bin/../lib/gcc/arm-none-eabi/7.2.1/../../../../arm-none-eabi/lib/thumb/v7e-m/fpv4-sp/hard\libc.a(lib_a-mlock.o)
 .ARM.attributes
                0x000005c9       0x34 c:/programmimiei/ac6/systemworkbench/plugins/fr.ac6.mcu.externaltools.arm-none.win32_1.16.0.201807130628/tools/compiler/bin/../lib/gcc/arm-none-eabi/7.2.1/../../../../arm-none-eabi/lib/thumb/v7e-m/fpv4-sp/hard\libc.a(lib_a-mprec.o)
 .ARM.attributes
                0x000005fd       0x34 c:/programmimiei/ac6/systemworkbench/plugins/fr.ac6.mcu.externaltools.arm-none.win32_1.16.0.201807130628/tools/compiler/bin/../lib/gcc/arm-none-eabi/7.2.1/../../../../arm-none-eabi/lib/thumb/v7e-m/fpv4-sp/hard\libc.a(lib_a-sbrkr.o)
 .ARM.attributes
                0x00000631       0x20 c:/programmimiei/ac6/systemworkbench/plugins/fr.ac6.mcu.externaltools.arm-none.win32_1.16.0.201807130628/tools/compiler/bin/../lib/gcc/arm-none-eabi/7.2.1/../../../../arm-none-eabi/lib/thumb/v7e-m/fpv4-sp/hard\libc.a(lib_a-strlen.o)
 .ARM.attributes
                0x00000651       0x34 c:/programmimiei/ac6/systemworkbench/plugins/fr.ac6.mcu.externaltools.arm-none.win32_1.16.0.201807130628/tools/compiler/bin/../lib/gcc/arm-none-eabi/7.2.1/../../../../arm-none-eabi/lib/thumb/v7e-m/fpv4-sp/hard\libc.a(lib_a-svfiprintf.o)
 .ARM.attributes
                0x00000685       0x34 c:/programmimiei/ac6/systemworkbench/plugins/fr.ac6.mcu.externaltools.arm-none.win32_1.16.0.201807130628/tools/compiler/bin/../lib/gcc/arm-none-eabi/7.2.1/../../../../arm-none-eabi/lib/thumb/v7e-m/fpv4-sp/hard\libc.a(lib_a-__atexit.o)
 .ARM.attributes
                0x000006b9       0x34 c:/programmimiei/ac6/systemworkbench/plugins/fr.ac6.mcu.externaltools.arm-none.win32_1.16.0.201807130628/tools/compiler/bin/../lib/gcc/arm-none-eabi/7.2.1/../../../../arm-none-eabi/lib/thumb/v7e-m/fpv4-sp/hard\libc.a(lib_a-callocr.o)
 .ARM.attributes
                0x000006ed       0x34 c:/programmimiei/ac6/systemworkbench/plugins/fr.ac6.mcu.externaltools.arm-none.win32_1.16.0.201807130628/tools/compiler/bin/../lib/gcc/arm-none-eabi/7.2.1/../../../../arm-none-eabi/lib/thumb/v7e-m/fpv4-sp/hard\libc.a(lib_a-freer.o)
 .ARM.attributes
                0x00000721       0x34 c:/programmimiei/ac6/systemworkbench/plugins/fr.ac6.mcu.externaltools.arm-none.win32_1.16.0.201807130628/tools/compiler/bin/../lib/gcc/arm-none-eabi/7.2.1/../../../../arm-none-eabi/lib/thumb/v7e-m/fpv4-sp/hard\libc.a(lib_a-locale.o)
 .ARM.attributes
                0x00000755       0x34 c:/programmimiei/ac6/systemworkbench/plugins/fr.ac6.mcu.externaltools.arm-none.win32_1.16.0.201807130628/tools/compiler/bin/../lib/gcc/arm-none-eabi/7.2.1/../../../../arm-none-eabi/lib/thumb/v7e-m/fpv4-sp/hard\libc.a(lib_a-mbtowc_r.o)
 .ARM.attributes
                0x00000789       0x34 c:/programmimiei/ac6/systemworkbench/plugins/fr.ac6.mcu.externaltools.arm-none.win32_1.16.0.201807130628/tools/compiler/bin/../lib/gcc/arm-none-eabi/7.2.1/../../../../arm-none-eabi/lib/thumb/v7e-m/fpv4-sp/hard\libc.a(lib_a-memmove.o)
 .ARM.attributes
                0x000007bd       0x34 c:/programmimiei/ac6/systemworkbench/plugins/fr.ac6.mcu.externaltools.arm-none.win32_1.16.0.201807130628/tools/compiler/bin/../lib/gcc/arm-none-eabi/7.2.1/../../../../arm-none-eabi/lib/thumb/v7e-m/fpv4-sp/hard\libc.a(lib_a-reallocr.o)
 .ARM.attributes
                0x000007f1       0x34 c:/programmimiei/ac6/systemworkbench/plugins/fr.ac6.mcu.externaltools.arm-none.win32_1.16.0.201807130628/tools/compiler/bin/../lib/gcc/arm-none-eabi/7.2.1/../../../../arm-none-eabi/lib/thumb/v7e-m/fpv4-sp/hard\libc.a(lib_a-reent.o)
 .ARM.attributes
                0x00000825       0x34 c:/programmimiei/ac6/systemworkbench/plugins/fr.ac6.mcu.externaltools.arm-none.win32_1.16.0.201807130628/tools/compiler/bin/../lib/gcc/arm-none-eabi/7.2.1/../../../../arm-none-eabi/lib/thumb/v7e-m/fpv4-sp/hard\libc.a(lib_a-wctomb_r.o)
 .ARM.attributes
                0x00000859       0x34 c:/programmimiei/ac6/systemworkbench/plugins/fr.ac6.mcu.externaltools.arm-none.win32_1.16.0.201807130628/tools/compiler/bin/../lib/gcc/arm-none-eabi/7.2.1/../../../../arm-none-eabi/lib/thumb/v7e-m/fpv4-sp/hard\libc.a(lib_a-ctype_.o)
 .ARM.attributes
                0x0000088d       0x22 c:/programmimiei/ac6/systemworkbench/plugins/fr.ac6.mcu.externaltools.arm-none.win32_1.16.0.201807130628/tools/compiler/bin/../lib/gcc/arm-none-eabi/7.2.1/thumb/v7e-m/fpv4-sp/hard\libgcc.a(_arm_addsubdf3.o)
 .ARM.attributes
                0x000008af       0x22 c:/programmimiei/ac6/systemworkbench/plugins/fr.ac6.mcu.externaltools.arm-none.win32_1.16.0.201807130628/tools/compiler/bin/../lib/gcc/arm-none-eabi/7.2.1/thumb/v7e-m/fpv4-sp/hard\libgcc.a(_arm_muldivdf3.o)
 .ARM.attributes
                0x000008d1       0x22 c:/programmimiei/ac6/systemworkbench/plugins/fr.ac6.mcu.externaltools.arm-none.win32_1.16.0.201807130628/tools/compiler/bin/../lib/gcc/arm-none-eabi/7.2.1/thumb/v7e-m/fpv4-sp/hard\libgcc.a(_arm_cmpdf2.o)
 .ARM.attributes
                0x000008f3       0x22 c:/programmimiei/ac6/systemworkbench/plugins/fr.ac6.mcu.externaltools.arm-none.win32_1.16.0.201807130628/tools/compiler/bin/../lib/gcc/arm-none-eabi/7.2.1/thumb/v7e-m/fpv4-sp/hard\libgcc.a(_arm_unorddf2.o)
 .ARM.attributes
                0x00000915       0x22 c:/programmimiei/ac6/systemworkbench/plugins/fr.ac6.mcu.externaltools.arm-none.win32_1.16.0.201807130628/tools/compiler/bin/../lib/gcc/arm-none-eabi/7.2.1/thumb/v7e-m/fpv4-sp/hard\libgcc.a(_arm_fixdfsi.o)
 .ARM.attributes
                0x00000937       0x22 c:/programmimiei/ac6/systemworkbench/plugins/fr.ac6.mcu.externaltools.arm-none.win32_1.16.0.201807130628/tools/compiler/bin/../lib/gcc/arm-none-eabi/7.2.1/thumb/v7e-m/fpv4-sp/hard\libgcc.a(_aeabi_uldivmod.o)
 .ARM.attributes
                0x00000959       0x34 c:/programmimiei/ac6/systemworkbench/plugins/fr.ac6.mcu.externaltools.arm-none.win32_1.16.0.201807130628/tools/compiler/bin/../lib/gcc/arm-none-eabi/7.2.1/thumb/v7e-m/fpv4-sp/hard\libgcc.a(_udivmoddi4.o)
 .ARM.attributes
                0x0000098d       0x22 c:/programmimiei/ac6/systemworkbench/plugins/fr.ac6.mcu.externaltools.arm-none.win32_1.16.0.201807130628/tools/compiler/bin/../lib/gcc/arm-none-eabi/7.2.1/thumb/v7e-m/fpv4-sp/hard\libgcc.a(_dvmd_tls.o)
 .ARM.attributes
                0x000009af       0x22 c:/programmimiei/ac6/systemworkbench/plugins/fr.ac6.mcu.externaltools.arm-none.win32_1.16.0.201807130628/tools/compiler/bin/../lib/gcc/arm-none-eabi/7.2.1/thumb/v7e-m/fpv4-sp/hard/crtn.o
OUTPUT(bussola.elf elf32-littlearm)

.debug_info     0x00000000     0x652c
 .debug_info    0x00000000      0x358 StdPeriph_Driver/src/stm32f4xx_exti.o
 .debug_info    0x00000358      0x62b StdPeriph_Driver/src/stm32f4xx_gpio.o
 .debug_info    0x00000983      0xb9e StdPeriph_Driver/src/stm32f4xx_i2c.o
 .debug_info    0x00001521      0xe27 StdPeriph_Driver/src/stm32f4xx_rcc.o
 .debug_info    0x00002348      0x2a6 StdPeriph_Driver/src/stm32f4xx_syscfg.o
 .debug_info    0x000025ee      0x9d4 StdPeriph_Driver/src/stm32f4xx_usart.o
 .debug_info    0x00002fc2      0xb34 Utilities/STM32F401-Discovery/stm32f401_discovery_lsm303dlhc.o
 .debug_info    0x00003af6     0x14f7 src/main.o
 .debug_info    0x00004fed      0xf2e src/syscalls.o
 .debug_info    0x00005f1b      0x5ef src/system_stm32f4xx.o
 .debug_info    0x0000650a       0x22 startup/startup_stm32f401xx.o

.debug_abbrev   0x00000000     0x1322
 .debug_abbrev  0x00000000      0x1c3 StdPeriph_Driver/src/stm32f4xx_exti.o
 .debug_abbrev  0x000001c3      0x1bf StdPeriph_Driver/src/stm32f4xx_gpio.o
 .debug_abbrev  0x00000382      0x196 StdPeriph_Driver/src/stm32f4xx_i2c.o
 .debug_abbrev  0x00000518      0x1d4 StdPeriph_Driver/src/stm32f4xx_rcc.o
 .debug_abbrev  0x000006ec      0x14b StdPeriph_Driver/src/stm32f4xx_syscfg.o
 .debug_abbrev  0x00000837      0x187 StdPeriph_Driver/src/stm32f4xx_usart.o
 .debug_abbrev  0x000009be      0x1dd Utilities/STM32F401-Discovery/stm32f401_discovery_lsm303dlhc.o
 .debug_abbrev  0x00000b9b      0x35f src/main.o
 .debug_abbrev  0x00000efa      0x2aa src/syscalls.o
 .debug_abbrev  0x000011a4      0x16c src/system_stm32f4xx.o
 .debug_abbrev  0x00001310       0x12 startup/startup_stm32f401xx.o

.debug_aranges  0x00000000      0x728
 .debug_aranges
                0x00000000       0x58 StdPeriph_Driver/src/stm32f4xx_exti.o
 .debug_aranges
                0x00000058       0x88 StdPeriph_Driver/src/stm32f4xx_gpio.o
 .debug_aranges
                0x000000e0      0x130 StdPeriph_Driver/src/stm32f4xx_i2c.o
 .debug_aranges
                0x00000210      0x1b8 StdPeriph_Driver/src/stm32f4xx_rcc.o
 .debug_aranges
                0x000003c8       0x50 StdPeriph_Driver/src/stm32f4xx_syscfg.o
 .debug_aranges
                0x00000418      0x100 StdPeriph_Driver/src/stm32f4xx_usart.o
 .debug_aranges
                0x00000518       0xa0 Utilities/STM32F401-Discovery/stm32f401_discovery_lsm303dlhc.o
 .debug_aranges
                0x000005b8       0x68 src/main.o
 .debug_aranges
                0x00000620       0xb0 src/syscalls.o
 .debug_aranges
                0x000006d0       0x30 src/system_stm32f4xx.o
 .debug_aranges
                0x00000700       0x28 startup/startup_stm32f401xx.o

.debug_ranges   0x00000000      0x680
 .debug_ranges  0x00000000       0x48 StdPeriph_Driver/src/stm32f4xx_exti.o
 .debug_ranges  0x00000048       0x78 StdPeriph_Driver/src/stm32f4xx_gpio.o
 .debug_ranges  0x000000c0      0x120 StdPeriph_Driver/src/stm32f4xx_i2c.o
 .debug_ranges  0x000001e0      0x1a8 StdPeriph_Driver/src/stm32f4xx_rcc.o
 .debug_ranges  0x00000388       0x40 StdPeriph_Driver/src/stm32f4xx_syscfg.o
 .debug_ranges  0x000003c8       0xf0 StdPeriph_Driver/src/stm32f4xx_usart.o
 .debug_ranges  0x000004b8       0x90 Utilities/STM32F401-Discovery/stm32f401_discovery_lsm303dlhc.o
 .debug_ranges  0x00000548       0x58 src/main.o
 .debug_ranges  0x000005a0       0xa0 src/syscalls.o
 .debug_ranges  0x00000640       0x20 src/system_stm32f4xx.o
 .debug_ranges  0x00000660       0x20 startup/startup_stm32f401xx.o

.debug_macro    0x00000000     0x42e1
 .debug_macro   0x00000000      0x18f StdPeriph_Driver/src/stm32f4xx_exti.o
 .debug_macro   0x0000018f       0xa8 StdPeriph_Driver/src/stm32f4xx_exti.o
 .debug_macro   0x00000237      0x18d StdPeriph_Driver/src/stm32f4xx_gpio.o
 .debug_macro   0x000003c4      0x297 StdPeriph_Driver/src/stm32f4xx_gpio.o
 .debug_macro   0x0000065b      0x19f StdPeriph_Driver/src/stm32f4xx_i2c.o
 .debug_macro   0x000007fa      0x2b5 StdPeriph_Driver/src/stm32f4xx_i2c.o
 .debug_macro   0x00000aaf      0x253 StdPeriph_Driver/src/stm32f4xx_rcc.o
 .debug_macro   0x00000d02      0x622 StdPeriph_Driver/src/stm32f4xx_rcc.o
 .debug_macro   0x00001324      0x1c9 StdPeriph_Driver/src/stm32f4xx_syscfg.o
 .debug_macro   0x000014ed       0xea StdPeriph_Driver/src/stm32f4xx_syscfg.o
 .debug_macro   0x000015d7      0x1a5 StdPeriph_Driver/src/stm32f4xx_usart.o
 .debug_macro   0x0000177c      0x21d StdPeriph_Driver/src/stm32f4xx_usart.o
 .debug_macro   0x00001999      0x18e Utilities/STM32F401-Discovery/stm32f401_discovery_lsm303dlhc.o
 .debug_macro   0x00001b27      0x553 Utilities/STM32F401-Discovery/stm32f401_discovery_lsm303dlhc.o
 .debug_macro   0x0000207a      0x2ec src/main.o
 .debug_macro   0x00002366       0x88 src/main.o
 .debug_macro   0x000023ee      0x559 src/main.o
 .debug_macro   0x00002947       0x58 src/main.o
 .debug_macro   0x0000299f       0x17 src/main.o
 .debug_macro   0x000029b6       0x35 src/main.o
 .debug_macro   0x000029eb       0x9c src/main.o
 .debug_macro   0x00002a87       0x16 src/main.o
 .debug_macro   0x00002a9d       0x97 src/main.o
 .debug_macro   0x00002b34      0x330 src/main.o
 .debug_macro   0x00002e64       0xfd src/main.o
 .debug_macro   0x00002f61       0x10 src/main.o
 .debug_macro   0x00002f71       0x58 src/main.o
 .debug_macro   0x00002fc9       0x1f src/main.o
 .debug_macro   0x00002fe8       0x43 src/main.o
 .debug_macro   0x0000302b       0x20 src/main.o
 .debug_macro   0x0000304b      0x18e src/main.o
 .debug_macro   0x000031d9       0x10 src/main.o
 .debug_macro   0x000031e9       0x1c src/main.o
 .debug_macro   0x00003205       0x52 src/main.o
 .debug_macro   0x00003257       0x40 src/main.o
 .debug_macro   0x00003297       0x10 src/main.o
 .debug_macro   0x000032a7       0x40 src/main.o
 .debug_macro   0x000032e7       0xd7 src/main.o
 .debug_macro   0x000033be       0x1c src/main.o
 .debug_macro   0x000033da       0x3d src/main.o
 .debug_macro   0x00003417       0x16 src/main.o
 .debug_macro   0x0000342d      0x16f src/main.o
 .debug_macro   0x0000359c      0x243 src/syscalls.o
 .debug_macro   0x000037df       0x52 src/syscalls.o
 .debug_macro   0x00003831       0x8d src/syscalls.o
 .debug_macro   0x000038be       0x57 src/syscalls.o
 .debug_macro   0x00003915      0x174 src/syscalls.o
 .debug_macro   0x00003a89       0x10 src/syscalls.o
 .debug_macro   0x00003a99       0x35 src/syscalls.o
 .debug_macro   0x00003ace       0x10 src/syscalls.o
 .debug_macro   0x00003ade       0x10 src/syscalls.o
 .debug_macro   0x00003aee       0x35 src/syscalls.o
 .debug_macro   0x00003b23      0x122 src/syscalls.o
 .debug_macro   0x00003c45       0x16 src/syscalls.o
 .debug_macro   0x00003c5b       0x16 src/syscalls.o
 .debug_macro   0x00003c71       0x29 src/syscalls.o
 .debug_macro   0x00003c9a       0x10 src/syscalls.o
 .debug_macro   0x00003caa      0x241 src/syscalls.o
 .debug_macro   0x00003eeb       0x1c src/syscalls.o
 .debug_macro   0x00003f07       0x10 src/syscalls.o
 .debug_macro   0x00003f17      0x189 src/syscalls.o
 .debug_macro   0x000040a0       0x16 src/syscalls.o
 .debug_macro   0x000040b6       0x88 src/syscalls.o
 .debug_macro   0x0000413e      0x1a3 src/system_stm32f4xx.o

.debug_line     0x00000000     0x4f09
 .debug_line    0x00000000      0x692 StdPeriph_Driver/src/stm32f4xx_exti.o
 .debug_line    0x00000692      0x76a StdPeriph_Driver/src/stm32f4xx_gpio.o
 .debug_line    0x00000dfc      0x8fe StdPeriph_Driver/src/stm32f4xx_i2c.o
 .debug_line    0x000016fa      0xa47 StdPeriph_Driver/src/stm32f4xx_rcc.o
 .debug_line    0x00002141      0x665 StdPeriph_Driver/src/stm32f4xx_syscfg.o
 .debug_line    0x000027a6      0x8b0 StdPeriph_Driver/src/stm32f4xx_usart.o
 .debug_line    0x00003056      0x916 Utilities/STM32F401-Discovery/stm32f401_discovery_lsm303dlhc.o
 .debug_line    0x0000396c      0x8b3 src/main.o
 .debug_line    0x0000421f      0x617 src/syscalls.o
 .debug_line    0x00004836      0x656 src/system_stm32f4xx.o
 .debug_line    0x00004e8c       0x7d startup/startup_stm32f401xx.o

.debug_str      0x00000000    0x5ab30
 .debug_str     0x00000000    0x51082 StdPeriph_Driver/src/stm32f4xx_exti.o
                              0x51236 (size before relaxing)
 .debug_str     0x00051082      0x309 StdPeriph_Driver/src/stm32f4xx_gpio.o
                              0x5136b (size before relaxing)
 .debug_str     0x0005138b      0x535 StdPeriph_Driver/src/stm32f4xx_i2c.o
                              0x515de (size before relaxing)
 .debug_str     0x000518c0      0xcb4 StdPeriph_Driver/src/stm32f4xx_rcc.o
                              0x51e24 (size before relaxing)
 .debug_str     0x00052574      0x349 StdPeriph_Driver/src/stm32f4xx_syscfg.o
                              0x513c3 (size before relaxing)
 .debug_str     0x000528bd      0x53a StdPeriph_Driver/src/stm32f4xx_usart.o
                              0x5167b (size before relaxing)
 .debug_str     0x00052df7     0x216f Utilities/STM32F401-Discovery/stm32f401_discovery_lsm303dlhc.o
                              0x53539 (size before relaxing)
 .debug_str     0x00054f66     0x48c3 src/main.o
                              0x57aa3 (size before relaxing)
 .debug_str     0x00059829     0x1201 src/syscalls.o
                               0x86fb (size before relaxing)
 .debug_str     0x0005aa2a       0xd6 src/system_stm32f4xx.o
                              0x512b8 (size before relaxing)
 .debug_str     0x0005ab00       0x30 startup/startup_stm32f401xx.o
                                 0x6f (size before relaxing)

.comment        0x00000000       0x7e
 .comment       0x00000000       0x7e StdPeriph_Driver/src/stm32f4xx_exti.o
                                 0x7f (size before relaxing)
 .comment       0x0000007e       0x7f StdPeriph_Driver/src/stm32f4xx_gpio.o
 .comment       0x0000007e       0x7f StdPeriph_Driver/src/stm32f4xx_i2c.o
 .comment       0x0000007e       0x7f StdPeriph_Driver/src/stm32f4xx_rcc.o
 .comment       0x0000007e       0x7f StdPeriph_Driver/src/stm32f4xx_syscfg.o
 .comment       0x0000007e       0x7f StdPeriph_Driver/src/stm32f4xx_usart.o
 .comment       0x0000007e       0x7f Utilities/STM32F401-Discovery/stm32f401_discovery_lsm303dlhc.o
 .comment       0x0000007e       0x7f src/main.o
 .comment       0x0000007e       0x7f src/syscalls.o
 .comment       0x0000007e       0x7f src/system_stm32f4xx.o

.debug_frame    0x00000000     0x2a1c
 .debug_frame   0x00000000      0x148 StdPeriph_Driver/src/stm32f4xx_exti.o
 .debug_frame   0x00000148      0x23c StdPeriph_Driver/src/stm32f4xx_gpio.o
 .debug_frame   0x00000384      0x580 StdPeriph_Driver/src/stm32f4xx_i2c.o
 .debug_frame   0x00000904      0x814 StdPeriph_Driver/src/stm32f4xx_rcc.o
 .debug_frame   0x00001118      0x11c StdPeriph_Driver/src/stm32f4xx_syscfg.o
 .debug_frame   0x00001234      0x490 StdPeriph_Driver/src/stm32f4xx_usart.o
 .debug_frame   0x000016c4      0x278 Utilities/STM32F401-Discovery/stm32f401_discovery_lsm303dlhc.o
 .debug_frame   0x0000193c      0x170 src/main.o
 .debug_frame   0x00001aac      0x2d0 src/syscalls.o
 .debug_frame   0x00001d7c       0x7c src/system_stm32f4xx.o
 .debug_frame   0x00001df8       0x20 c:/programmimiei/ac6/systemworkbench/plugins/fr.ac6.mcu.externaltools.arm-none.win32_1.16.0.201807130628/tools/compiler/bin/../lib/gcc/arm-none-eabi/7.2.1/../../../../arm-none-eabi/lib/thumb/v7e-m/fpv4-sp/hard\libc.a(lib_a-errno.o)
 .debug_frame   0x00001e18       0x2c c:/programmimiei/ac6/systemworkbench/plugins/fr.ac6.mcu.externaltools.arm-none.win32_1.16.0.201807130628/tools/compiler/bin/../lib/gcc/arm-none-eabi/7.2.1/../../../../arm-none-eabi/lib/thumb/v7e-m/fpv4-sp/hard\libc.a(lib_a-init.o)
 .debug_frame   0x00001e44       0x38 c:/programmimiei/ac6/systemworkbench/plugins/fr.ac6.mcu.externaltools.arm-none.win32_1.16.0.201807130628/tools/compiler/bin/../lib/gcc/arm-none-eabi/7.2.1/../../../../arm-none-eabi/lib/thumb/v7e-m/fpv4-sp/hard\libc.a(lib_a-memset.o)
 .debug_frame   0x00001e7c       0x80 c:/programmimiei/ac6/systemworkbench/plugins/fr.ac6.mcu.externaltools.arm-none.win32_1.16.0.201807130628/tools/compiler/bin/../lib/gcc/arm-none-eabi/7.2.1/../../../../arm-none-eabi/lib/thumb/v7e-m/fpv4-sp/hard\libc.a(lib_a-sprintf.o)
 .debug_frame   0x00001efc       0x40 c:/programmimiei/ac6/systemworkbench/plugins/fr.ac6.mcu.externaltools.arm-none.win32_1.16.0.201807130628/tools/compiler/bin/../lib/gcc/arm-none-eabi/7.2.1/../../../../arm-none-eabi/lib/thumb/v7e-m/fpv4-sp/hard\libc.a(lib_a-svfprintf.o)
 .debug_frame   0x00001f3c       0x5c c:/programmimiei/ac6/systemworkbench/plugins/fr.ac6.mcu.externaltools.arm-none.win32_1.16.0.201807130628/tools/compiler/bin/../lib/gcc/arm-none-eabi/7.2.1/../../../../arm-none-eabi/lib/thumb/v7e-m/fpv4-sp/hard\libc.a(lib_a-__call_atexit.o)
 .debug_frame   0x00001f98       0x20 c:/programmimiei/ac6/systemworkbench/plugins/fr.ac6.mcu.externaltools.arm-none.win32_1.16.0.201807130628/tools/compiler/bin/../lib/gcc/arm-none-eabi/7.2.1/../../../../arm-none-eabi/lib/thumb/v7e-m/fpv4-sp/hard\libc.a(lib_a-atexit.o)
 .debug_frame   0x00001fb8       0x88 c:/programmimiei/ac6/systemworkbench/plugins/fr.ac6.mcu.externaltools.arm-none.win32_1.16.0.201807130628/tools/compiler/bin/../lib/gcc/arm-none-eabi/7.2.1/../../../../arm-none-eabi/lib/thumb/v7e-m/fpv4-sp/hard\libc.a(lib_a-dtoa.o)
 .debug_frame   0x00002040       0x34 c:/programmimiei/ac6/systemworkbench/plugins/fr.ac6.mcu.externaltools.arm-none.win32_1.16.0.201807130628/tools/compiler/bin/../lib/gcc/arm-none-eabi/7.2.1/../../../../arm-none-eabi/lib/thumb/v7e-m/fpv4-sp/hard\libc.a(lib_a-fini.o)
 .debug_frame   0x00002074       0x40 c:/programmimiei/ac6/systemworkbench/plugins/fr.ac6.mcu.externaltools.arm-none.win32_1.16.0.201807130628/tools/compiler/bin/../lib/gcc/arm-none-eabi/7.2.1/../../../../arm-none-eabi/lib/thumb/v7e-m/fpv4-sp/hard\libc.a(lib_a-localeconv.o)
 .debug_frame   0x000020b4       0xb0 c:/programmimiei/ac6/systemworkbench/plugins/fr.ac6.mcu.externaltools.arm-none.win32_1.16.0.201807130628/tools/compiler/bin/../lib/gcc/arm-none-eabi/7.2.1/../../../../arm-none-eabi/lib/thumb/v7e-m/fpv4-sp/hard\libc.a(lib_a-lock.o)
 .debug_frame   0x00002164       0x54 c:/programmimiei/ac6/systemworkbench/plugins/fr.ac6.mcu.externaltools.arm-none.win32_1.16.0.201807130628/tools/compiler/bin/../lib/gcc/arm-none-eabi/7.2.1/../../../../arm-none-eabi/lib/thumb/v7e-m/fpv4-sp/hard\libc.a(lib_a-mallocr.o)
 .debug_frame   0x000021b8       0x30 c:/programmimiei/ac6/systemworkbench/plugins/fr.ac6.mcu.externaltools.arm-none.win32_1.16.0.201807130628/tools/compiler/bin/../lib/gcc/arm-none-eabi/7.2.1/../../../../arm-none-eabi/lib/thumb/v7e-m/fpv4-sp/hard\libc.a(lib_a-mlock.o)
 .debug_frame   0x000021e8      0x25c c:/programmimiei/ac6/systemworkbench/plugins/fr.ac6.mcu.externaltools.arm-none.win32_1.16.0.201807130628/tools/compiler/bin/../lib/gcc/arm-none-eabi/7.2.1/../../../../arm-none-eabi/lib/thumb/v7e-m/fpv4-sp/hard\libc.a(lib_a-mprec.o)
 .debug_frame   0x00002444       0x2c c:/programmimiei/ac6/systemworkbench/plugins/fr.ac6.mcu.externaltools.arm-none.win32_1.16.0.201807130628/tools/compiler/bin/../lib/gcc/arm-none-eabi/7.2.1/../../../../arm-none-eabi/lib/thumb/v7e-m/fpv4-sp/hard\libc.a(lib_a-sbrkr.o)
 .debug_frame   0x00002470       0x78 c:/programmimiei/ac6/systemworkbench/plugins/fr.ac6.mcu.externaltools.arm-none.win32_1.16.0.201807130628/tools/compiler/bin/../lib/gcc/arm-none-eabi/7.2.1/../../../../arm-none-eabi/lib/thumb/v7e-m/fpv4-sp/hard\libc.a(lib_a-svfiprintf.o)
 .debug_frame   0x000024e8       0x34 c:/programmimiei/ac6/systemworkbench/plugins/fr.ac6.mcu.externaltools.arm-none.win32_1.16.0.201807130628/tools/compiler/bin/../lib/gcc/arm-none-eabi/7.2.1/../../../../arm-none-eabi/lib/thumb/v7e-m/fpv4-sp/hard\libc.a(lib_a-__atexit.o)
 .debug_frame   0x0000251c       0x28 c:/programmimiei/ac6/systemworkbench/plugins/fr.ac6.mcu.externaltools.arm-none.win32_1.16.0.201807130628/tools/compiler/bin/../lib/gcc/arm-none-eabi/7.2.1/../../../../arm-none-eabi/lib/thumb/v7e-m/fpv4-sp/hard\libc.a(lib_a-callocr.o)
 .debug_frame   0x00002544       0x80 c:/programmimiei/ac6/systemworkbench/plugins/fr.ac6.mcu.externaltools.arm-none.win32_1.16.0.201807130628/tools/compiler/bin/../lib/gcc/arm-none-eabi/7.2.1/../../../../arm-none-eabi/lib/thumb/v7e-m/fpv4-sp/hard\libc.a(lib_a-freer.o)
 .debug_frame   0x000025c4       0x6c c:/programmimiei/ac6/systemworkbench/plugins/fr.ac6.mcu.externaltools.arm-none.win32_1.16.0.201807130628/tools/compiler/bin/../lib/gcc/arm-none-eabi/7.2.1/../../../../arm-none-eabi/lib/thumb/v7e-m/fpv4-sp/hard\libc.a(lib_a-locale.o)
 .debug_frame   0x00002630       0x4c c:/programmimiei/ac6/systemworkbench/plugins/fr.ac6.mcu.externaltools.arm-none.win32_1.16.0.201807130628/tools/compiler/bin/../lib/gcc/arm-none-eabi/7.2.1/../../../../arm-none-eabi/lib/thumb/v7e-m/fpv4-sp/hard\libc.a(lib_a-mbtowc_r.o)
 .debug_frame   0x0000267c       0x40 c:/programmimiei/ac6/systemworkbench/plugins/fr.ac6.mcu.externaltools.arm-none.win32_1.16.0.201807130628/tools/compiler/bin/../lib/gcc/arm-none-eabi/7.2.1/../../../../arm-none-eabi/lib/thumb/v7e-m/fpv4-sp/hard\libc.a(lib_a-memmove.o)
 .debug_frame   0x000026bc       0x58 c:/programmimiei/ac6/systemworkbench/plugins/fr.ac6.mcu.externaltools.arm-none.win32_1.16.0.201807130628/tools/compiler/bin/../lib/gcc/arm-none-eabi/7.2.1/../../../../arm-none-eabi/lib/thumb/v7e-m/fpv4-sp/hard\libc.a(lib_a-reallocr.o)
 .debug_frame   0x00002714       0x68 c:/programmimiei/ac6/systemworkbench/plugins/fr.ac6.mcu.externaltools.arm-none.win32_1.16.0.201807130628/tools/compiler/bin/../lib/gcc/arm-none-eabi/7.2.1/../../../../arm-none-eabi/lib/thumb/v7e-m/fpv4-sp/hard\libc.a(lib_a-reent.o)
 .debug_frame   0x0000277c       0x3c c:/programmimiei/ac6/systemworkbench/plugins/fr.ac6.mcu.externaltools.arm-none.win32_1.16.0.201807130628/tools/compiler/bin/../lib/gcc/arm-none-eabi/7.2.1/../../../../arm-none-eabi/lib/thumb/v7e-m/fpv4-sp/hard\libc.a(lib_a-wctomb_r.o)
 .debug_frame   0x000027b8       0xac c:/programmimiei/ac6/systemworkbench/plugins/fr.ac6.mcu.externaltools.arm-none.win32_1.16.0.201807130628/tools/compiler/bin/../lib/gcc/arm-none-eabi/7.2.1/thumb/v7e-m/fpv4-sp/hard\libgcc.a(_arm_addsubdf3.o)
 .debug_frame   0x00002864       0x50 c:/programmimiei/ac6/systemworkbench/plugins/fr.ac6.mcu.externaltools.arm-none.win32_1.16.0.201807130628/tools/compiler/bin/../lib/gcc/arm-none-eabi/7.2.1/thumb/v7e-m/fpv4-sp/hard\libgcc.a(_arm_muldivdf3.o)
 .debug_frame   0x000028b4       0xc4 c:/programmimiei/ac6/systemworkbench/plugins/fr.ac6.mcu.externaltools.arm-none.win32_1.16.0.201807130628/tools/compiler/bin/../lib/gcc/arm-none-eabi/7.2.1/thumb/v7e-m/fpv4-sp/hard\libgcc.a(_arm_cmpdf2.o)
 .debug_frame   0x00002978       0x20 c:/programmimiei/ac6/systemworkbench/plugins/fr.ac6.mcu.externaltools.arm-none.win32_1.16.0.201807130628/tools/compiler/bin/../lib/gcc/arm-none-eabi/7.2.1/thumb/v7e-m/fpv4-sp/hard\libgcc.a(_arm_unorddf2.o)
 .debug_frame   0x00002998       0x24 c:/programmimiei/ac6/systemworkbench/plugins/fr.ac6.mcu.externaltools.arm-none.win32_1.16.0.201807130628/tools/compiler/bin/../lib/gcc/arm-none-eabi/7.2.1/thumb/v7e-m/fpv4-sp/hard\libgcc.a(_arm_fixdfsi.o)
 .debug_frame   0x000029bc       0x2c c:/programmimiei/ac6/systemworkbench/plugins/fr.ac6.mcu.externaltools.arm-none.win32_1.16.0.201807130628/tools/compiler/bin/../lib/gcc/arm-none-eabi/7.2.1/thumb/v7e-m/fpv4-sp/hard\libgcc.a(_aeabi_uldivmod.o)
 .debug_frame   0x000029e8       0x34 c:/programmimiei/ac6/systemworkbench/plugins/fr.ac6.mcu.externaltools.arm-none.win32_1.16.0.201807130628/tools/compiler/bin/../lib/gcc/arm-none-eabi/7.2.1/thumb/v7e-m/fpv4-sp/hard\libgcc.a(_udivmoddi4.o)
